Archive member included because of file (symbol)

/usr/bin/../lib/gcc/arm-none-eabi/4.9.3/armv7-m/libgcc.a(_arm_addsubdf3.o)
                              obj_cc2538dk/hdc1080.o (__aeabi_dsub)
/usr/bin/../lib/gcc/arm-none-eabi/4.9.3/armv7-m/libgcc.a(_arm_muldivdf3.o)
                              obj_cc2538dk/hdc1080.o (__aeabi_dmul)
/usr/bin/../lib/gcc/arm-none-eabi/4.9.3/armv7-m/libgcc.a(_arm_cmpdf2.o)
                              obj_cc2538dk/hdc1080.o (__aeabi_dcmplt)
/usr/bin/../lib/gcc/arm-none-eabi/4.9.3/armv7-m/libgcc.a(_arm_fixunsdfsi.o)
                              obj_cc2538dk/contiki-resources.o (__aeabi_d2uiz)
/usr/bin/../lib/gcc/arm-none-eabi/4.9.3/armv7-m/libgcc.a(_arm_addsubsf3.o)
                              obj_cc2538dk/hdc1080.o (__aeabi_ui2f)
/usr/bin/../lib/gcc/arm-none-eabi/4.9.3/armv7-m/libgcc.a(_aeabi_uldivmod.o)
                              obj_cc2538dk/spi.o (__aeabi_uldivmod)
/usr/bin/../lib/gcc/arm-none-eabi/4.9.3/armv7-m/libgcc.a(bpabi.o)
                              /usr/bin/../lib/gcc/arm-none-eabi/4.9.3/armv7-m/libgcc.a(_aeabi_uldivmod.o) (__gnu_uldivmod_helper)
/usr/bin/../lib/gcc/arm-none-eabi/4.9.3/armv7-m/libgcc.a(_dvmd_tls.o)
                              /usr/bin/../lib/gcc/arm-none-eabi/4.9.3/armv7-m/libgcc.a(_aeabi_uldivmod.o) (__aeabi_ldiv0)
/usr/bin/../lib/gcc/arm-none-eabi/4.9.3/armv7-m/libgcc.a(_divdi3.o)
                              /usr/bin/../lib/gcc/arm-none-eabi/4.9.3/armv7-m/libgcc.a(bpabi.o) (__divdi3)
/usr/bin/../lib/gcc/arm-none-eabi/4.9.3/armv7-m/libgcc.a(_udivdi3.o)
                              /usr/bin/../lib/gcc/arm-none-eabi/4.9.3/armv7-m/libgcc.a(bpabi.o) (__udivdi3)
/usr/bin/../lib/gcc/arm-none-eabi/4.9.3/../../../../arm-none-eabi/lib/armv7-m/libc.a(lib_a-atoi.o)
                              obj_cc2538dk/udp-client.o (atoi)
/usr/bin/../lib/gcc/arm-none-eabi/4.9.3/../../../../arm-none-eabi/lib/armv7-m/libc.a(lib_a-ctype_.o)
                              obj_cc2538dk/http-socket.o (__ctype_ptr__)
/usr/bin/../lib/gcc/arm-none-eabi/4.9.3/../../../../arm-none-eabi/lib/armv7-m/libc.a(lib_a-memchr.o)
                              obj_cc2538dk/er-coap.o (memchr)
/usr/bin/../lib/gcc/arm-none-eabi/4.9.3/../../../../arm-none-eabi/lib/armv7-m/libc.a(lib_a-memcmp.o)
                              obj_cc2538dk/er-coap-observe.o (memcmp)
/usr/bin/../lib/gcc/arm-none-eabi/4.9.3/../../../../arm-none-eabi/lib/armv7-m/libc.a(lib_a-memcpy.o)
                              obj_cc2538dk/er-coap.o (memcpy)
/usr/bin/../lib/gcc/arm-none-eabi/4.9.3/../../../../arm-none-eabi/lib/armv7-m/libc.a(lib_a-memmove.o)
                              obj_cc2538dk/er-coap.o (memmove)
/usr/bin/../lib/gcc/arm-none-eabi/4.9.3/../../../../arm-none-eabi/lib/armv7-m/libc.a(lib_a-memset.o)
                              obj_cc2538dk/er-coap.o (memset)
/usr/bin/../lib/gcc/arm-none-eabi/4.9.3/../../../../arm-none-eabi/lib/armv7-m/libc.a(lib_a-reent.o)
                              obj_cc2538dk/syscalls.o (errno)
/usr/bin/../lib/gcc/arm-none-eabi/4.9.3/../../../../arm-none-eabi/lib/armv7-m/libc.a(lib_a-strcasecmp.o)
                              obj_cc2538dk/resolv.o (strcasecmp)
/usr/bin/../lib/gcc/arm-none-eabi/4.9.3/../../../../arm-none-eabi/lib/armv7-m/libc.a(lib_a-strcat.o)
                              obj_cc2538dk/http-get.o (strcat)
/usr/bin/../lib/gcc/arm-none-eabi/4.9.3/../../../../arm-none-eabi/lib/armv7-m/libc.a(lib_a-strchr.o)
                              obj_cc2538dk/er-coap.o (strchr)
/usr/bin/../lib/gcc/arm-none-eabi/4.9.3/../../../../arm-none-eabi/lib/armv7-m/libc.a(lib_a-strcmp.o)
                              obj_cc2538dk/coap-binding.o (strcmp)
/usr/bin/../lib/gcc/arm-none-eabi/4.9.3/../../../../arm-none-eabi/lib/armv7-m/libc.a(lib_a-strcpy.o)
                              obj_cc2538dk/coap-binding.o (strcpy)
/usr/bin/../lib/gcc/arm-none-eabi/4.9.3/../../../../arm-none-eabi/lib/armv7-m/libc.a(lib_a-strlen.o)
                              obj_cc2538dk/er-coap.o (strlen)
/usr/bin/../lib/gcc/arm-none-eabi/4.9.3/../../../../arm-none-eabi/lib/armv7-m/libc.a(lib_a-strncmp.o)
                              obj_cc2538dk/er-coap.o (strncmp)
/usr/bin/../lib/gcc/arm-none-eabi/4.9.3/../../../../arm-none-eabi/lib/armv7-m/libc.a(lib_a-strncpy.o)
                              obj_cc2538dk/er-coap-observe.o (strncpy)
/usr/bin/../lib/gcc/arm-none-eabi/4.9.3/../../../../arm-none-eabi/lib/armv7-m/libc.a(lib_a-strtol.o)
                              /usr/bin/../lib/gcc/arm-none-eabi/4.9.3/../../../../arm-none-eabi/lib/armv7-m/libc.a(lib_a-atoi.o) (_strtol_r)
/usr/bin/../lib/gcc/arm-none-eabi/4.9.3/../../../../arm-none-eabi/lib/armv7-m/libc.a(lib_a-freer.o)
                              /usr/bin/../lib/gcc/arm-none-eabi/4.9.3/../../../../arm-none-eabi/lib/armv7-m/libc.a(lib_a-reent.o) (_free_r)
/usr/bin/../lib/gcc/arm-none-eabi/4.9.3/../../../../arm-none-eabi/lib/armv7-m/libc.a(lib_a-impure.o)
[...]
Memory Configuration

Name             Origin             Length             Attributes
FLASH_FW         0x00200000         0x0007ffd4         xr
FLASH_CCA        0x0027ffd4         0x0000002c         xr
NRSRAM           0x20000000         0x00000000         xrw
FRSRAM           0x20000000         0x00008000         xrw
*default*        0x00000000         0xffffffff

Linker script and memory map

LOAD obj_cc2538dk/startup-gcc.o
LOAD obj_cc2538dk/er-coap.o
LOAD obj_cc2538dk/er-coap-engine.o
LOAD obj_cc2538dk/er-coap-transactions.o
LOAD obj_cc2538dk/er-coap-observe.o
LOAD obj_cc2538dk/er-coap-separate.o
LOAD obj_cc2538dk/er-coap-res-well-known-core.o
LOAD obj_cc2538dk/er-coap-block1.o
LOAD obj_cc2538dk/er-coap-observe-client.o
LOAD obj_cc2538dk/er-coap-udp.o
LOAD obj_cc2538dk/rest-engine.o
LOAD obj_cc2538dk/coap-server.o
LOAD obj_cc2538dk/block-transfer.o
LOAD obj_cc2538dk/coap-common.o
LOAD obj_cc2538dk/coap-push.o
LOAD obj_cc2538dk/core-interface.o
LOAD obj_cc2538dk/coap-binding.o
LOAD obj_cc2538dk/coap-linked-batch.o
LOAD obj_cc2538dk/rd-client.o
LOAD obj_cc2538dk/rest-type-text.o
LOAD obj_cc2538dk/rest-type-json.o
LOAD obj_cc2538dk/rest-type-senml.o
LOAD obj_cc2538dk/rest-type-xml.o
LOAD obj_cc2538dk/ipso-app-fw.o
LOAD obj_cc2538dk/device-resource.o
LOAD obj_cc2538dk/config-stack-resource.o
LOAD obj_cc2538dk/linked-batch-resource.o
LOAD obj_cc2538dk/binding-table-resource.o
LOAD obj_cc2538dk/leds.o
LOAD obj_cc2538dk/leds-arch.o
LOAD obj_cc2538dk/contiki-main.o
LOAD obj_cc2538dk/sensors.o
LOAD obj_cc2538dk/smartrf-sensors.o
LOAD obj_cc2538dk/button-sensor.o
LOAD obj_cc2538dk/als-sensor.o
LOAD obj_cc2538dk/radio-sensor.o
LOAD obj_cc2538dk/eeprom.o
LOAD obj_cc2538dk/hdc1080.o
LOAD obj_cc2538dk/current-sensor.o
LOAD obj_cc2538dk/ac-dimmer.o
LOAD obj_cc2538dk/soc.o
LOAD obj_cc2538dk/clock.o
LOAD obj_cc2538dk/rtimer-arch.o
LOAD obj_cc2538dk/uart.o
LOAD obj_cc2538dk/watchdog.o
LOAD obj_cc2538dk/nvic.o
LOAD obj_cc2538dk/sys-ctrl.o
LOAD obj_cc2538dk/gpio.o
LOAD obj_cc2538dk/ioc.o
LOAD obj_cc2538dk/spi.o
LOAD obj_cc2538dk/adc.o
LOAD obj_cc2538dk/crypto.o
LOAD obj_cc2538dk/aes.o
LOAD obj_cc2538dk/ecb.o
LOAD obj_cc2538dk/cbc.o
LOAD obj_cc2538dk/ctr.o
LOAD obj_cc2538dk/cbc-mac.o
LOAD obj_cc2538dk/gcm.o
LOAD obj_cc2538dk/ccm.o
LOAD obj_cc2538dk/sha256.o
LOAD obj_cc2538dk/cc2538-aes-128.o
LOAD obj_cc2538dk/cc2538-ccm-star.o
LOAD obj_cc2538dk/cc2538-rf.o
LOAD obj_cc2538dk/udma.o
LOAD obj_cc2538dk/lpm.o
LOAD obj_cc2538dk/pka.o
LOAD obj_cc2538dk/bignum-driver.o
LOAD obj_cc2538dk/ecc-driver.o
LOAD obj_cc2538dk/ecc-algorithm.o
LOAD obj_cc2538dk/ecc-curve.o
LOAD obj_cc2538dk/dbg.o
LOAD obj_cc2538dk/ieee-addr.o
LOAD obj_cc2538dk/slip-arch.o
LOAD obj_cc2538dk/slip.o
LOAD obj_cc2538dk/i2c.o
LOAD obj_cc2538dk/cc2538-temp-sensor.o
LOAD obj_cc2538dk/vdd3-sensor.o
LOAD obj_cc2538dk/cfs-coffee.o
LOAD obj_cc2538dk/cfs-coffee-arch.o
LOAD obj_cc2538dk/pwm.o
LOAD obj_cc2538dk/dbg-printf.o
LOAD obj_cc2538dk/dbg-snprintf.o
LOAD obj_cc2538dk/dbg-sprintf.o
LOAD obj_cc2538dk/strformat.o
LOAD obj_cc2538dk/usb-core.o
LOAD obj_cc2538dk/cdc-acm.o
LOAD obj_cc2538dk/usb-arch.o
LOAD obj_cc2538dk/usb-serial.o
LOAD obj_cc2538dk/cdc-acm-descriptors.o
LOAD obj_cc2538dk/http-socket.o
LOAD obj_cc2538dk/arg.o
LOAD obj_cc2538dk/autostart.o
LOAD obj_cc2538dk/compower.o
LOAD obj_cc2538dk/ctimer.o
LOAD obj_cc2538dk/energest.o
LOAD obj_cc2538dk/etimer.o
LOAD obj_cc2538dk/mt.o
LOAD obj_cc2538dk/process.o
LOAD obj_cc2538dk/procinit.o
LOAD obj_cc2538dk/rtimer.o
LOAD obj_cc2538dk/stimer.o
LOAD obj_cc2538dk/timer.o
LOAD obj_cc2538dk/nullradio.o
LOAD obj_cc2538dk/serial-line.o
LOAD obj_cc2538dk/aes-128.o
LOAD obj_cc2538dk/assert.o
LOAD obj_cc2538dk/ccm-star.o
LOAD obj_cc2538dk/crc16.o
LOAD obj_cc2538dk/csprng.o
LOAD obj_cc2538dk/gcr.o
LOAD obj_cc2538dk/ifft.o
LOAD obj_cc2538dk/iq-seeder.o
LOAD obj_cc2538dk/list.o
LOAD obj_cc2538dk/me.o
LOAD obj_cc2538dk/memb.o
LOAD obj_cc2538dk/me_tabs.o
LOAD obj_cc2538dk/mmem.o
LOAD obj_cc2538dk/null-seeder.o
LOAD obj_cc2538dk/petsciiconv.o
LOAD obj_cc2538dk/print-stats.o
LOAD obj_cc2538dk/random.o
LOAD obj_cc2538dk/ringbuf.o
LOAD obj_cc2538dk/ringbufindex.o
LOAD obj_cc2538dk/trickle-timer.o
LOAD obj_cc2538dk/sicslowpan.o
LOAD obj_cc2538dk/uip6.o
LOAD obj_cc2538dk/uip-ds6.o
LOAD obj_cc2538dk/uip-ds6-nbr.o
LOAD obj_cc2538dk/uip-ds6-route.o
LOAD obj_cc2538dk/uip-icmp6.o
LOAD obj_cc2538dk/uip-nd6.o
LOAD obj_cc2538dk/websocket.o
LOAD obj_cc2538dk/websocket-http-client.o
LOAD obj_cc2538dk/dhcpc.o
LOAD obj_cc2538dk/ip64-addr.o
LOAD obj_cc2538dk/psock.o
LOAD obj_cc2538dk/resolv.o
LOAD obj_cc2538dk/simple-udp.o
LOAD obj_cc2538dk/slipdev.o
LOAD obj_cc2538dk/tcpip.o
LOAD obj_cc2538dk/tcp-socket.o
LOAD obj_cc2538dk/udp-socket.o
LOAD obj_cc2538dk/uip-debug.o
LOAD obj_cc2538dk/uiplib.o
LOAD obj_cc2538dk/uip-nameserver.o
LOAD obj_cc2538dk/uip-packetqueue.o
LOAD obj_cc2538dk/uip-split.o
LOAD obj_cc2538dk/uip-udp-packet.o
LOAD obj_cc2538dk/rpl.o
LOAD obj_cc2538dk/rpl-dag.o
LOAD obj_cc2538dk/rpl-dag-root.o
LOAD obj_cc2538dk/rpl-ext-header.o
LOAD obj_cc2538dk/rpl-icmp6.o
LOAD obj_cc2538dk/rpl-mrhof.o
LOAD obj_cc2538dk/rpl-nbr-policy.o
LOAD obj_cc2538dk/rpl-ns.o
LOAD obj_cc2538dk/rpl-of0.o
LOAD obj_cc2538dk/rpl-timers.o
LOAD obj_cc2538dk/syscalls.o
LOAD obj_cc2538dk/mtarch.o
LOAD obj_cc2538dk/cmd-broker.o
LOAD obj_cc2538dk/linkaddr.o
LOAD obj_cc2538dk/link-stats.o
LOAD obj_cc2538dk/nbr-table.o
LOAD obj_cc2538dk/net-debug.o
LOAD obj_cc2538dk/netstack.o
LOAD obj_cc2538dk/packetbuf.o
LOAD obj_cc2538dk/queuebuf.o
LOAD obj_cc2538dk/csma.o
LOAD obj_cc2538dk/frame802154.o
LOAD obj_cc2538dk/frame802154e-ie.o
LOAD obj_cc2538dk/framer-802154.o
LOAD obj_cc2538dk/framer-nullmac.o
LOAD obj_cc2538dk/mac.o
LOAD obj_cc2538dk/mac-sequence.o
LOAD obj_cc2538dk/nordc.o
LOAD obj_cc2538dk/nullmac.o
LOAD obj_cc2538dk/nullrdc.o
LOAD obj_cc2538dk/nullrdc-noframer.o
LOAD obj_cc2538dk/phase.o
LOAD obj_cc2538dk/contikimac.o
LOAD obj_cc2538dk/contikimac-framer.o
LOAD obj_cc2538dk/anti-replay.o
LOAD obj_cc2538dk/ccm-star-packetbuf.o
LOAD obj_cc2538dk/nullsec.o
LOAD obj_cc2538dk/noncoresec.o
LOAD 6lbr-demo.co
LOAD obj_cc2538dk/udp-client.o
LOAD obj_cc2538dk/contiki-resources.o
LOAD obj_cc2538dk/cc2538dk-resources.o
LOAD obj_cc2538dk/6lbr-demo-main.o
LOAD obj_cc2538dk/smart_street_light.o
LOAD obj_cc2538dk/broadcast.o
LOAD obj_cc2538dk/unicast-sender.o
LOAD obj_cc2538dk/dimmer.o
LOAD obj_cc2538dk/hdc1080_temp_humidity.o
LOAD obj_cc2538dk/http-get.o
START GROUP
LOAD /usr/bin/../lib/gcc/arm-none-eabi/4.9.3/armv7-m/libgcc.a
LOAD /usr/bin/../lib/gcc/arm-none-eabi/4.9.3/../../../../arm-none-eabi/lib/armv7-m/libc.a
END GROUP

.text           0x00200000    0x13b49
                0x00200000                _text = .
 *(SORT(.vectors))
 .vectors       0x00200000      0x28c obj_cc2538dk/startup-gcc.o
                0x00200000                vectors
 *(SORT(.text*))
 *fill*         0x0020028c        0x4 00000000
 .text.hdc1080_measure
                0x00200290      0x140 obj_cc2538dk/hdc1080.o
                0x00200290                hdc1080_measure
 .text.reset_handler
                0x002003d0       0x40 obj_cc2538dk/startup-gcc.o
                0x002003d0                reset_handler
 .text.coap_init_connection
                0x00200410       0x1c obj_cc2538dk/er-coap.o
                0x00200410                coap_init_connection
 .text.coap_get_mid
                0x0020042c       0x10 obj_cc2538dk/er-coap.o
                0x0020042c                coap_get_mid
 .text.coap_serialize_message
                0x0020043c      0x2e4 obj_cc2538dk/er-coap.o
                0x0020043c                coap_serialize_message
 .text.coap_parse_message
                0x00200720      0x2dc obj_cc2538dk/er-coap.o
                0x00200720                coap_parse_message
 .text.coap_set_service_callback
                0x002009fc        0xc obj_cc2538dk/er-coap-engine.o
                0x002009fc                coap_set_service_callback
 .text.process_thread_coap_engine
                0x00200a08       0x60 obj_cc2538dk/er-coap-engine.o
 .text.coap_init_engine
                0x00200a68        0xc obj_cc2538dk/er-coap-engine.o
                0x00200a68                coap_init_engine
 .text.coap_receive
                0x00200a74      0x320 obj_cc2538dk/er-coap-engine.o
                0x00200a74                coap_receive
 .text.coap_blocking_request
                0x00200d94       0xf4 obj_cc2538dk/er-coap-engine.o
                0x00200d94                coap_blocking_request
 .text.coap_register_as_transaction_handler
                0x00200e88       0x14 obj_cc2538dk/er-coap-transactions.o
                0x00200e88                coap_register_as_transaction_handler
 .text.coap_new_transaction
                0x00200e9c       0x50 obj_cc2538dk/er-coap-transactions.o
                0x00200e9c                coap_new_transaction
 .text.coap_clear_transaction
                0x00200eec       0x2c obj_cc2538dk/er-coap-transactions.o
                0x00200eec                coap_clear_transaction
 .text.coap_send_transaction
                0x00200f18       0xa0 obj_cc2538dk/er-coap-transactions.o
                0x00200f18                coap_send_transaction
 .text.coap_get_transaction_by_mid
                0x00200fb8       0x1c obj_cc2538dk/er-coap-transactions.o
                0x00200fb8                coap_get_transaction_by_mid
 .text.coap_check_transactions
                0x00200fd4       0x2c obj_cc2538dk/er-coap-transactions.o
                0x00200fd4                coap_check_transactions
 .text.coap_remove_observer
                0x00201000       0x20 obj_cc2538dk/er-coap-observe.o
                0x00201000                coap_remove_observer
 .text.coap_remove_observer_by_client
                0x00201020       0x3c obj_cc2538dk/er-coap-observe.o
                0x00201020                coap_remove_observer_by_client
 .text.coap_remove_observer_by_token
                0x0020105c       0x58 obj_cc2538dk/er-coap-observe.o
                0x0020105c                coap_remove_observer_by_token
 .text.coap_remove_observer_by_uri
                0x002010b4       0x5c obj_cc2538dk/er-coap-observe.o
                0x002010b4                coap_remove_observer_by_uri
 .text.coap_remove_observer_by_mid
                0x00201110       0x48 obj_cc2538dk/er-coap-observe.o
                0x00201110                coap_remove_observer_by_mid
 .text.coap_notify_observers_sub
                0x00201158      0x12c obj_cc2538dk/er-coap-observe.o
                0x00201158                coap_notify_observers_sub
 .text.coap_observe_handler
                0x00201284      0x118 obj_cc2538dk/er-coap-observe.o
                0x00201284                coap_observe_handler
 .text.well_known_core_get_handler
                0x0020139c      0x16c obj_cc2538dk/er-coap-res-well-known-core.o
                0x0020139c                well_known_core_get_handler
 .text.process_thread_rest_engine_process
                0x00201508       0x88 obj_cc2538dk/rest-engine.o
 .text.rest_invoke_restful_service
                0x00201590       0xf8 obj_cc2538dk/rest-engine.o
                0x00201590                rest_invoke_restful_service
 .text.rest_init_engine
                0x00201688       0x40 obj_cc2538dk/rest-engine.o
                0x00201688                rest_init_engine
 .text.rest_activate_resource
                0x002016c8       0x54 obj_cc2538dk/rest-engine.o
                0x002016c8                rest_activate_resource
 .text.rest_get_resources
                0x0020171c        0x8 obj_cc2538dk/rest-engine.o
                0x0020171c                rest_get_resources
 .text.coap_server_init
                0x00201724       0x1c obj_cc2538dk/coap-server.o
                0x00201724                coap_server_init
 .text.coap_blocking_request_block
                0x00201740      0x130 obj_cc2538dk/block-transfer.o
                0x00201740                coap_blocking_request_block
 .text.simple_resource_get_handler
                0x00201870       0xa4 obj_cc2538dk/coap-common.o
                0x00201870                simple_resource_get_handler
 .text.simple_resource_set_handler
                0x00201914       0x84 obj_cc2538dk/coap-common.o
                0x00201914                simple_resource_set_handler
 .text.coap_push_update_binding
                0x00201998       0x3c obj_cc2538dk/coap-push.o
                0x00201998                coap_push_update_binding
 .text.coap_blocking_push
                0x002019d4       0xf8 obj_cc2538dk/coap-push.o
                0x002019d4                coap_blocking_push
 .text.process_thread_coap_push_process
                0x00201acc       0xf0 obj_cc2538dk/coap-push.o
 .text.coap_push_init
                0x00201bbc       0x1c obj_cc2538dk/coap-push.o
                0x00201bbc                coap_push_init
 .text.resource_batch_get_data_handler
                0x00201bd8      0x16c obj_cc2538dk/core-interface.o
                0x00201bd8                resource_batch_get_data_handler
 .text.resource_linked_list_get_handler
                0x00201d44      0x244 obj_cc2538dk/core-interface.o
                0x00201d44                resource_linked_list_get_handler
 .text.resource_batch_get_handler
                0x00201f88       0x94 obj_cc2538dk/core-interface.o
                0x00201f88                resource_batch_get_handler
 .text.client_registration_request_handler
                0x0020201c       0x64 obj_cc2538dk/rd-client.o
                0x0020201c                client_registration_request_handler
 .text.process_thread_rd_client_process
                0x00202080      0x254 obj_cc2538dk/rd-client.o
 .text.client_update_response_handler
                0x002022d4       0x3c obj_cc2538dk/rd-client.o
                0x002022d4                client_update_response_handler
 .text.client_registration_response_handler
                0x00202310       0x6c obj_cc2538dk/rd-client.o
                0x00202310                client_registration_response_handler
 .text.rd_client_init
                0x0020237c       0x30 obj_cc2538dk/rd-client.o
                0x0020237c                rd_client_init
 .text.accepted_type
                0x002023ac       0x1c obj_cc2538dk/rest-type-text.o
 .text.format_type
                0x002023c8        0xc obj_cc2538dk/rest-type-text.o
 .text.format_value
                0x002023d4       0xe0 obj_cc2538dk/rest-type-text.o
 .text.ipso_app_fw_init
                0x002024b4      0x128 obj_cc2538dk/ipso-app-fw.o
                0x002024b4                ipso_app_fw_init
 .text.resource_street_light_status_event_handler
                0x002025dc       0x10 obj_cc2538dk/device-resource.o
                0x002025dc                resource_street_light_status_event_handler
 .text.device_pan_id_set
                0x002025ec       0x18 obj_cc2538dk/device-resource.o
                0x002025ec                device_pan_id_set
 .text.device_custom_node_edit_set
                0x00202604      0x114 obj_cc2538dk/device-resource.o
                0x00202604                device_custom_node_edit_set
 .text.resource_device_manufacturer_get_handler
                0x00202718       0x30 obj_cc2538dk/device-resource.o
                0x00202718                resource_device_manufacturer_get_handler
 .text.resource_device_model_get_handler
                0x00202748       0x30 obj_cc2538dk/device-resource.o
                0x00202748                resource_device_model_get_handler
 .text.resource_device_model_hw_get_handler
                0x00202778       0x30 obj_cc2538dk/device-resource.o
                0x00202778                resource_device_model_hw_get_handler
 .text.resource_device_model_sw_get_handler
                0x002027a8       0x30 obj_cc2538dk/device-resource.o
                0x002027a8                resource_device_model_sw_get_handler
 .text.resource_device_serial_get_handler
                0x002027d8       0x30 obj_cc2538dk/device-resource.o
                0x002027d8                resource_device_serial_get_handler
 .text.resource_device_euid_get_handler
                0x00202808       0x30 obj_cc2538dk/device-resource.o
                0x00202808                resource_device_euid_get_handler
 .text.resource_device_name_get_handler
                0x00202838       0x30 obj_cc2538dk/device-resource.o
                0x00202838                resource_device_name_get_handler
 .text.resource_NODE_ID_get_handler
                0x00202868       0x30 obj_cc2538dk/device-resource.o
                0x00202868                resource_NODE_ID_get_handler
 .text.resource_ZONE_ID_get_handler
                0x00202898       0x30 obj_cc2538dk/device-resource.o
                0x00202898                resource_ZONE_ID_get_handler
 .text.resource_PAN_ID_get_handler
                0x002028c8       0x30 obj_cc2538dk/device-resource.o
                0x002028c8                resource_PAN_ID_get_handler
 .text.resource_street_light_status_get_handler
                0x002028f8       0x30 obj_cc2538dk/device-resource.o
                0x002028f8                resource_street_light_status_get_handler
 .text.resource_node_latitude_get_handler
                0x00202928       0x30 obj_cc2538dk/device-resource.o
                0x00202928                resource_node_latitude_get_handler
 .text.resource_node_longitude_get_handler
                0x00202958       0x30 obj_cc2538dk/device-resource.o
                0x00202958                resource_node_longitude_get_handler
 .text.resource_custom_command_get_handler
                0x00202988       0x30 obj_cc2538dk/device-resource.o
                0x00202988                resource_custom_command_get_handler
 .text.resource_custom_node_edit_get_handler
                0x002029b8       0x30 obj_cc2538dk/device-resource.o
                0x002029b8                resource_custom_node_edit_get_handler
 .text.resource_device_name_put_handler
                0x002029e8       0x24 obj_cc2538dk/device-resource.o
                0x002029e8                resource_device_name_put_handler
 .text.resource_NODE_ID_put_handler
                0x00202a0c       0x24 obj_cc2538dk/device-resource.o
                0x00202a0c                resource_NODE_ID_put_handler
 .text.resource_ZONE_ID_put_handler
                0x00202a30       0x24 obj_cc2538dk/device-resource.o
                0x00202a30                resource_ZONE_ID_put_handler
 .text.resource_PAN_ID_put_handler
                0x00202a54       0x24 obj_cc2538dk/device-resource.o
                0x00202a54                resource_PAN_ID_put_handler
 .text.resource_node_latitude_put_handler
                0x00202a78       0x24 obj_cc2538dk/device-resource.o
                0x00202a78                resource_node_latitude_put_handler
 .text.resource_node_longitude_put_handler
                0x00202a9c       0x24 obj_cc2538dk/device-resource.o
                0x00202a9c                resource_node_longitude_put_handler
 .text.resource_custom_command_put_handler
                0x00202ac0       0x24 obj_cc2538dk/device-resource.o
                0x00202ac0                resource_custom_command_put_handler
 .text.resource_custom_node_edit_put_handler
                0x00202ae4       0x24 obj_cc2538dk/device-resource.o
                0x00202ae4                resource_custom_node_edit_put_handler
 .text.resource_device_time_get_handler
                0x00202b08       0x34 obj_cc2538dk/device-resource.o
                0x00202b08                resource_device_time_get_handler
 .text.resource_device_uptime_get_handler
                0x00202b3c       0x34 obj_cc2538dk/device-resource.o
                0x00202b3c                resource_device_uptime_get_handler
 .text.resource_device_get_handler
                0x00202b70       0x3c obj_cc2538dk/device-resource.o
                0x00202b70                resource_device_get_handler
 .text.device_name_set
                0x00202bac       0x3c obj_cc2538dk/device-resource.o
                0x00202bac                device_name_set
 .text.device_node_latitude_set
                0x00202be8       0x30 obj_cc2538dk/device-resource.o
                0x00202be8                device_node_latitude_set
 .text.device_node_longitude_set
                0x00202c18       0x34 obj_cc2538dk/device-resource.o
                0x00202c18                device_node_longitude_set
 .text.device_node_id_set
                0x00202c4c       0x1c obj_cc2538dk/device-resource.o
                0x00202c4c                device_node_id_set
 .text.device_zone_id_set
                0x00202c68       0x20 obj_cc2538dk/device-resource.o
                0x00202c68                device_zone_id_set
 .text.device_custom_command_set
                0x00202c88       0xe4 obj_cc2538dk/device-resource.o
                0x00202c88                device_custom_command_set
 .text.leds_init
                0x00202d6c       0x14 obj_cc2538dk/leds.o
                0x00202d6c                leds_init
 .text.leds_on  0x00202d80       0x10 obj_cc2538dk/leds.o
                0x00202d80                leds_on
 .text.leds_off
                0x00202d90       0x14 obj_cc2538dk/leds.o
                0x00202d90                leds_off
 .text.leds_arch_init
                0x00202da4       0x10 obj_cc2538dk/leds-arch.o
                0x00202da4                leds_arch_init
 .text.leds_arch_set
                0x00202db4        0xc obj_cc2538dk/leds-arch.o
                0x00202db4                leds_arch_set
 .text.startup.main
                0x00202dc0      0x28c obj_cc2538dk/contiki-main.o
                0x00202dc0                main
 .text.process_thread_sensors_process
                0x0020304c       0xd4 obj_cc2538dk/sensors.o
 .text.sensors_changed
                0x00203120       0x38 obj_cc2538dk/sensors.o
                0x00203120                sensors_changed
 .text.btn_callback
                0x00203158       0x3c obj_cc2538dk/button-sensor.o
 .text.config.constprop.1
                0x00203194       0x44 obj_cc2538dk/button-sensor.o
 .text.config_presence
                0x002031d8       0x30 obj_cc2538dk/button-sensor.o
 .text.config_presence1
                0x00203208       0x30 obj_cc2538dk/button-sensor.o
 .text.button_sensor_init
                0x00203238        0xc obj_cc2538dk/button-sensor.o
                0x00203238                button_sensor_init
 .text.configure
                0x00203244       0x30 obj_cc2538dk/als-sensor.o
 .text.value    0x00203274       0x14 obj_cc2538dk/radio-sensor.o
 .text.configure
                0x00203288       0x14 obj_cc2538dk/radio-sensor.o
 .text.status   0x0020329c       0x14 obj_cc2538dk/radio-sensor.o
 .text.enable_eeprom_write
                0x002032b0       0x34 obj_cc2538dk/eeprom.o
                0x002032b0                enable_eeprom_write
 .text.disable_eeprom_write
                0x002032e4       0x34 obj_cc2538dk/eeprom.o
                0x002032e4                disable_eeprom_write
 .text.eeprom_write_string
                0x00203318       0x60 obj_cc2538dk/eeprom.o
                0x00203318                eeprom_write_string
 .text.eeprom_read_string
                0x00203378       0x84 obj_cc2538dk/eeprom.o
                0x00203378                eeprom_read_string
 .text.eeprom_write_data
                0x002033fc       0x5c obj_cc2538dk/eeprom.o
                0x002033fc                eeprom_write_data
 .text.eeprom_write_data_big
                0x00203458       0x68 obj_cc2538dk/eeprom.o
                0x00203458                eeprom_write_data_big
 .text.eeprom_read_data
                0x002034c0       0x80 obj_cc2538dk/eeprom.o
                0x002034c0                eeprom_read_data
 .text.eeprom_read_data_big
                0x00203540       0x90 obj_cc2538dk/eeprom.o
                0x00203540                eeprom_read_data_big
 .text.hdc1080_read_reg.part.0
                0x002035d0       0x58 obj_cc2538dk/hdc1080.o
 .text.hdc1080_write_reg.part.1
                0x00203628       0x30 obj_cc2538dk/hdc1080.o
 .text.configure
                0x00203658       0x38 obj_cc2538dk/current-sensor.o
 .text.status   0x00203690       0x20 obj_cc2538dk/ac-dimmer.o
 .text.value    0x002036b0       0x28 obj_cc2538dk/ac-dimmer.o
 .text.dimmer_zero_cross_int_handler
                0x002036d8       0x34 obj_cc2538dk/ac-dimmer.o
 .text.trigger_function
                0x0020370c       0x2c obj_cc2538dk/ac-dimmer.o
 .text.configure
                0x00203738       0xe0 obj_cc2538dk/ac-dimmer.o
 .text.soc_get_rev
                0x00203818       0x18 obj_cc2538dk/soc.o
                0x00203818                soc_get_rev
 .text.soc_get_sram_size
                0x00203830       0x1c obj_cc2538dk/soc.o
                0x00203830                soc_get_sram_size
 .text.soc_print_info
                0x0020384c       0x70 obj_cc2538dk/soc.o
                0x0020384c                soc_print_info
 .text.update_ticks
                0x002038bc       0x4c obj_cc2538dk/clock.o
 .text.clock_init
                0x00203908       0x4c obj_cc2538dk/clock.o
                0x00203908                clock_init
 .text.clock_time
                0x00203954       0x14 obj_cc2538dk/clock.o
                0x00203954                clock_time
 .text.clock_seconds
                0x00203968       0x14 obj_cc2538dk/clock.o
                0x00203968                clock_seconds
 .text.clock_delay_usec
                0x0020397c       0x1c obj_cc2538dk/clock.o
                0x0020397c                clock_delay_usec
 .text.clock_adjust
                0x00203998       0x20 obj_cc2538dk/clock.o
                0x00203998                clock_adjust
 .text.rtimer_arch_next_trigger
                0x002039b8        0xc obj_cc2538dk/rtimer-arch.o
                0x002039b8                rtimer_arch_next_trigger
 .text.rtimer_arch_now
                0x002039c4       0x2c obj_cc2538dk/rtimer-arch.o
                0x002039c4                rtimer_arch_now
 .text.rtimer_arch_schedule
                0x002039f0       0x58 obj_cc2538dk/rtimer-arch.o
                0x002039f0                rtimer_arch_schedule
 .text.rtimer_isr
                0x00203a48       0x2c obj_cc2538dk/rtimer-arch.o
                0x00203a48                rtimer_isr
 .text.permit_pm1
                0x00203a74       0x24 obj_cc2538dk/uart.o
 .text.uart_isr
                0x00203a98       0x64 obj_cc2538dk/uart.o
 .text.uart_init
                0x00203afc      0x1b8 obj_cc2538dk/uart.o
                0x00203afc                uart_init
 .text.uart_set_input
                0x00203cb4       0x10 obj_cc2538dk/uart.o
                0x00203cb4                uart_set_input
 .text.uart_write_byte
                0x00203cc4       0x1c obj_cc2538dk/uart.o
                0x00203cc4                uart_write_byte
 .text.watchdog_init
                0x00203ce0        0xc obj_cc2538dk/watchdog.o
                0x00203ce0                watchdog_init
 .text.watchdog_start
                0x00203cec        0xc obj_cc2538dk/watchdog.o
                0x00203cec                watchdog_start
 .text.watchdog_periodic
                0x00203cf8       0x10 obj_cc2538dk/watchdog.o
                0x00203cf8                watchdog_periodic
 .text.nvic_init
                0x00203d08       0x10 obj_cc2538dk/nvic.o
                0x00203d08                nvic_init
 .text.sys_ctrl_get_reset_cause
                0x00203d18       0x10 obj_cc2538dk/sys-ctrl.o
                0x00203d18                sys_ctrl_get_reset_cause
 .text.sys_ctrl_get_reset_cause_str
                0x00203d28       0x14 obj_cc2538dk/sys-ctrl.o
                0x00203d28                sys_ctrl_get_reset_cause_str
 .text.sys_ctrl_init
                0x00203d3c       0x74 obj_cc2538dk/sys-ctrl.o
                0x00203d3c                sys_ctrl_init
 .text.sys_ctrl_reset
                0x00203db0        0xc obj_cc2538dk/sys-ctrl.o
                0x00203db0                sys_ctrl_reset
 .text.sys_ctrl_get_sys_clock
                0x00203dbc       0x18 obj_cc2538dk/sys-ctrl.o
                0x00203dbc                sys_ctrl_get_sys_clock
 .text.sys_ctrl_get_io_clock
                0x00203dd4       0x18 obj_cc2538dk/sys-ctrl.o
                0x00203dd4                sys_ctrl_get_io_clock
 .text.gpio_register_callback
                0x00203dec       0x10 obj_cc2538dk/gpio.o
                0x00203dec                gpio_register_callback
 .text.notify   0x00203dfc       0x30 obj_cc2538dk/gpio.o
                0x00203dfc                notify
 .text.gpio_port_isr
                0x00203e2c       0x50 obj_cc2538dk/gpio.o
 .text.gpio_init
                0x00203e7c       0x10 obj_cc2538dk/gpio.o
                0x00203e7c                gpio_init
 .text.ioc_init
                0x00203e8c       0x1c obj_cc2538dk/ioc.o
                0x00203e8c                ioc_init
 .text.ioc_set_over
                0x00203ea8       0x14 obj_cc2538dk/ioc.o
                0x00203ea8                ioc_set_over
 .text.ioc_set_sel
                0x00203ebc       0x14 obj_cc2538dk/ioc.o
                0x00203ebc                ioc_set_sel
 .text.adc_init
                0x00203ed0       0x10 obj_cc2538dk/adc.o
                0x00203ed0                adc_init
 .text.adc_get  0x00203ee0       0x78 obj_cc2538dk/adc.o
                0x00203ee0                adc_get
 .text.permit_pm1
                0x00203f58       0x10 obj_cc2538dk/crypto.o
 .text.crypto_isr
                0x00203f68       0x28 obj_cc2538dk/crypto.o
                0x00203f68                crypto_isr
 .text.crypto_enable
                0x00203f90       0x20 obj_cc2538dk/crypto.o
                0x00203f90                crypto_enable
 .text.crypto_init
                0x00203fb0       0x3c obj_cc2538dk/crypto.o
                0x00203fb0                crypto_init
 .text.crypto_disable
                0x00203fec       0x20 obj_cc2538dk/crypto.o
                0x00203fec                crypto_disable
 .text.on       0x0020400c       0x88 obj_cc2538dk/cc2538-rf.o
 .text.off      0x00204094       0x40 obj_cc2538dk/cc2538-rf.o
 .text.set_channel
                0x002040d4       0x48 obj_cc2538dk/cc2538-rf.o
 .text.channel_clear
                0x0020411c       0x3c obj_cc2538dk/cc2538-rf.o
 .text.receiving_packet
                0x00204158       0x18 obj_cc2538dk/cc2538-rf.o
 .text.pending_packet
                0x00204170       0x10 obj_cc2538dk/cc2538-rf.o
 .text.get_value
                0x00204180      0x18c obj_cc2538dk/cc2538-rf.o
 .text.prepare  0x0020430c       0x64 obj_cc2538dk/cc2538-rf.o
 .text.transmit
                0x00204370       0x98 obj_cc2538dk/cc2538-rf.o
 .text.set_frame_filtering
                0x00204408       0x18 obj_cc2538dk/cc2538-rf.o
 .text.set_object
                0x00204420       0x30 obj_cc2538dk/cc2538-rf.o
 .text.read     0x00204450       0xfc obj_cc2538dk/cc2538-rf.o
 .text.get_object
                0x0020454c      0x144 obj_cc2538dk/cc2538-rf.o
 .text.set_poll_mode
                0x00204690       0x9c obj_cc2538dk/cc2538-rf.o
 .text.set_value
                0x0020472c       0xe8 obj_cc2538dk/cc2538-rf.o
 .text.init     0x00204814       0xc8 obj_cc2538dk/cc2538-rf.o
 .text.process_thread_cc2538_rf_process
                0x002048dc       0x90 obj_cc2538dk/cc2538-rf.o
 .text.cc2538_rf_rx_tx_isr
                0x0020496c       0x24 obj_cc2538dk/cc2538-rf.o
                0x0020496c                cc2538_rf_rx_tx_isr
 .text.cc2538_rf_err_isr
                0x00204990       0x28 obj_cc2538dk/cc2538-rf.o
                0x00204990                cc2538_rf_err_isr
 .text.udma_init
                0x002049b8       0x34 obj_cc2538dk/udma.o
                0x002049b8                udma_init
 .text.udma_set_channel_src
                0x002049ec       0x10 obj_cc2538dk/udma.o
                0x002049ec                udma_set_channel_src
 .text.udma_set_channel_dst
                0x002049fc       0x14 obj_cc2538dk/udma.o
                0x002049fc                udma_set_channel_dst
 .text.udma_set_channel_control_word
                0x00204a10       0x14 obj_cc2538dk/udma.o
                0x00204a10                udma_set_channel_control_word
 .text.udma_channel_enable
                0x00204a24       0x18 obj_cc2538dk/udma.o
                0x00204a24                udma_channel_enable
 .text.udma_channel_mask_set
                0x00204a3c       0x18 obj_cc2538dk/udma.o
                0x00204a3c                udma_channel_mask_set
 .text.udma_channel_sw_request
                0x00204a54       0x18 obj_cc2538dk/udma.o
                0x00204a54                udma_channel_sw_request
 .text.udma_channel_get_mode
                0x00204a6c       0x1c obj_cc2538dk/udma.o
                0x00204a6c                udma_channel_get_mode
 .text.udma_isr
                0x00204a88       0x10 obj_cc2538dk/udma.o
                0x00204a88                udma_isr
 .text.udma_err_isr
                0x00204a98        0xc obj_cc2538dk/udma.o
                0x00204a98                udma_err_isr
 .text.select_32_mhz_xosc
                0x00204aa4       0x2c obj_cc2538dk/lpm.o
 .text.lpm_exit
                0x00204ad0       0x34 obj_cc2538dk/lpm.o
                0x00204ad0                lpm_exit
 .text.lpm_enter
                0x00204b04       0xb0 obj_cc2538dk/lpm.o
                0x00204b04                lpm_enter
 .text.lpm_register_peripheral
                0x00204bb4       0x20 obj_cc2538dk/lpm.o
                0x00204bb4                lpm_register_peripheral
 .text.lpm_init
                0x00204bd4       0x24 obj_cc2538dk/lpm.o
                0x00204bd4                lpm_init
 .text.pka_isr  0x00204bf8       0x28 obj_cc2538dk/pka.o
                0x00204bf8                pka_isr
 .text.ieee_addr_cpy_to
                0x00204c20       0x74 obj_cc2538dk/ieee-addr.o
                0x00204c20                ieee_addr_cpy_to
 .text.i2c_master_enable
                0x00204c94       0x10 obj_cc2538dk/i2c.o
                0x00204c94                i2c_master_enable
 .text.i2c_set_frequency
                0x00204ca4       0x1c obj_cc2538dk/i2c.o
                0x00204ca4                i2c_set_frequency
 .text.i2c_init
                0x00204cc0       0xc8 obj_cc2538dk/i2c.o
                0x00204cc0                i2c_init
 .text.i2c_master_command
                0x00204d88       0x10 obj_cc2538dk/i2c.o
                0x00204d88                i2c_master_command
 .text.i2c_master_error
                0x00204d98       0x1c obj_cc2538dk/i2c.o
                0x00204d98                i2c_master_error
 .text.i2c_single_send
                0x00204db4       0x28 obj_cc2538dk/i2c.o
                0x00204db4                i2c_single_send
 .text.i2c_single_receive
                0x00204ddc       0x38 obj_cc2538dk/i2c.o
                0x00204ddc                i2c_single_receive
 .text.i2c_burst_send
                0x00204e14       0x94 obj_cc2538dk/i2c.o
                0x00204e14                i2c_burst_send
 .text.i2c_burst_receive
                0x00204ea8       0x94 obj_cc2538dk/i2c.o
                0x00204ea8                i2c_burst_receive
 .text.pwm_configured
                0x00204f3c       0x24 obj_cc2538dk/pwm.o
 .text.permit_pm1
                0x00204f60       0x44 obj_cc2538dk/pwm.o
 .text.pwm_enable
                0x00204fa4       0xd4 obj_cc2538dk/pwm.o
                0x00204fa4                pwm_enable
 .text.set_duty_cycle
                0x00205078       0x64 obj_cc2538dk/pwm.o
                0x00205078                set_duty_cycle
 .text.pwm_stop
                0x002050dc       0x9c obj_cc2538dk/pwm.o
                0x002050dc                pwm_stop
 .text.pwm_start
                0x00205178       0x7c obj_cc2538dk/pwm.o
                0x00205178                pwm_start
 .text.pwm_disable
                0x002051f4       0x8c obj_cc2538dk/pwm.o
                0x002051f4                pwm_disable
 .text.printf   0x00205280       0x20 obj_cc2538dk/dbg-printf.o
                0x00205280                printf
 .text.vsnprintf
                0x002052a0       0x28 obj_cc2538dk/dbg-snprintf.o
                0x002052a0                vsnprintf
 .text.sprintf  0x002052c8       0x30 obj_cc2538dk/dbg-sprintf.o
                0x002052c8                sprintf
 .text.fill_space
                0x002052f8       0x34 obj_cc2538dk/strformat.o
 .text.format_str_v
                0x0020532c      0x6e8 obj_cc2538dk/strformat.o
                0x0020532c                format_str_v
 .text.parse_url
                0x00205a14      0x10c obj_cc2538dk/http-socket.o
 .text.start_request
                0x00205b20       0xac obj_cc2538dk/http-socket.o
 .text.removesocket
                0x00205bcc       0x24 obj_cc2538dk/http-socket.o
 .text.process_thread_http_socket_process
                0x00205bf0       0xbc obj_cc2538dk/http-socket.o
 .text.initialize_socket
                0x00205cac       0x4c obj_cc2538dk/http-socket.o
 .text.input    0x00205cf8      0x4ec obj_cc2538dk/http-socket.o
 .text.event    0x002061e4      0x264 obj_cc2538dk/http-socket.o
 .text.http_socket_init
                0x00206448       0x48 obj_cc2538dk/http-socket.o
                0x00206448                http_socket_init
 .text.http_socket_post
                0x00206490       0x4c obj_cc2538dk/http-socket.o
                0x00206490                http_socket_post
 .text.process_thread_ctimer_process
                0x002064dc       0x80 obj_cc2538dk/ctimer.o
 .text.ctimer_init
                0x0020655c       0x28 obj_cc2538dk/ctimer.o
                0x0020655c                ctimer_init
 .text.ctimer_set_with_process
                0x00206584       0x44 obj_cc2538dk/ctimer.o
                0x00206584                ctimer_set_with_process
 .text.ctimer_set
                0x002065c8       0x14 obj_cc2538dk/ctimer.o
                0x002065c8                ctimer_set
 .text.ctimer_reset
                0x002065dc       0x38 obj_cc2538dk/ctimer.o
                0x002065dc                ctimer_reset
 .text.ctimer_restart
                0x00206614       0x38 obj_cc2538dk/ctimer.o
                0x00206614                ctimer_restart
 .text.ctimer_stop
                0x0020664c       0x2c obj_cc2538dk/ctimer.o
                0x0020664c                ctimer_stop
 .text.update_time
                0x00206678       0x44 obj_cc2538dk/etimer.o
 .text.etimer_request_poll
                0x002066bc        0xc obj_cc2538dk/etimer.o
                0x002066bc                etimer_request_poll
 .text.process_thread_etimer_process
                0x002066c8       0x94 obj_cc2538dk/etimer.o
 .text.add_timer
                0x0020675c       0x40 obj_cc2538dk/etimer.o
 .text.etimer_pending
                0x0020679c       0x10 obj_cc2538dk/etimer.o
                0x0020679c                etimer_pending
 .text.etimer_stop
                0x002067ac       0x34 obj_cc2538dk/etimer.o
                0x002067ac                etimer_stop
 .text.call_process.part.0
                0x002067e0       0x38 obj_cc2538dk/process.o
 .text.exit_process
                0x00206818       0x80 obj_cc2538dk/process.o
 .text.do_poll  0x00206898       0x30 obj_cc2538dk/process.o
 .text.process_alloc_event
                0x002068c8       0x10 obj_cc2538dk/process.o
                0x002068c8                process_alloc_event
 .text.process_init
                0x002068d8       0x30 obj_cc2538dk/process.o
                0x002068d8                process_init
 .text.process_run
                0x00206908       0x84 obj_cc2538dk/process.o
                0x00206908                process_run
 .text.process_nevents
                0x0020698c       0x14 obj_cc2538dk/process.o
                0x0020698c                process_nevents
 .text.process_post
                0x002069a0       0x3c obj_cc2538dk/process.o
                0x002069a0                process_post
 .text.process_post_synch
                0x002069dc       0x14 obj_cc2538dk/process.o
                0x002069dc                process_post_synch
 .text.process_start
                0x002069f0       0x30 obj_cc2538dk/process.o
                0x002069f0                process_start
 .text.process_poll
                0x00206a20       0x18 obj_cc2538dk/process.o
                0x00206a20                process_poll
 .text.rtimer_set
                0x00206a38       0x24 obj_cc2538dk/rtimer.o
                0x00206a38                rtimer_set
 .text.rtimer_run_next
                0x00206a5c       0x28 obj_cc2538dk/rtimer.o
                0x00206a5c                rtimer_run_next
 .text.stimer_expired
                0x00206a84       0x20 obj_cc2538dk/stimer.o
                0x00206a84                stimer_expired
 .text.process_thread_serial_line_process
                0x00206aa4       0x98 obj_cc2538dk/serial-line.o
 .text.serial_line_input_byte
                0x00206b3c       0x44 obj_cc2538dk/serial-line.o
                0x00206b3c                serial_line_input_byte
 .text.serial_line_init
                0x00206b80       0x24 obj_cc2538dk/serial-line.o
                0x00206b80                serial_line_init
 .text.csprng_init
                0x00206ba4       0x10 obj_cc2538dk/csprng.o
                0x00206ba4                csprng_init
 .text.random_rand
                0x00206bb4       0x20 obj_cc2538dk/random.o
                0x00206bb4                random_rand
 .text.random_init
                0x00206bd4       0x78 obj_cc2538dk/random.o
                0x00206bd4                random_init
 .text.clear_fragments
                0x00206c4c       0x3c obj_cc2538dk/sicslowpan.o
 .text.sicslowpan_init
                0x00206c88       0x38 obj_cc2538dk/sicslowpan.o
                0x00206c88                sicslowpan_init
 .text.compress_addr_64
                0x00206cc0       0x90 obj_cc2538dk/sicslowpan.o
 .text.set_packet_attrs
                0x00206d50       0x44 obj_cc2538dk/sicslowpan.o
 .text.addr_context_lookup_by_prefix
                0x00206d94       0x28 obj_cc2538dk/sicslowpan.o
 .text.send_packet
                0x00206dbc       0x24 obj_cc2538dk/sicslowpan.o
 .text.packet_sent
                0x00206de0       0x28 obj_cc2538dk/sicslowpan.o
 .text.store_fragment
                0x00206e08       0x58 obj_cc2538dk/sicslowpan.o
 .text.uncompress_addr
                0x00206e60       0xa4 obj_cc2538dk/sicslowpan.o
 .text.output   0x00206f04      0x69c obj_cc2538dk/sicslowpan.o
 .text.add_fragment
                0x002075a0      0x124 obj_cc2538dk/sicslowpan.o
 .text.input    0x002076c4      0x5ac obj_cc2538dk/sicslowpan.o
 .text.upper_layer_chksum
                0x00207c70       0x54 obj_cc2538dk/uip6.o
 .text.ext_hdr_options_process
                0x00207cc4       0xac obj_cc2538dk/uip6.o
 .text.uip_add32
                0x00207d70       0x54 obj_cc2538dk/uip6.o
                0x00207d70                uip_add32
 .text.unlikely.uip_add_rcv_nxt
                0x00207dc4       0x2c obj_cc2538dk/uip6.o
 .text.uip_init
                0x00207df0       0x5c obj_cc2538dk/uip6.o
                0x00207df0                uip_init
 .text.uip_connect
                0x00207e4c       0xe0 obj_cc2538dk/uip6.o
                0x00207e4c                uip_connect
 .text.remove_ext_hdr
                0x00207f2c       0x58 obj_cc2538dk/uip6.o
                0x00207f2c                remove_ext_hdr
 .text.uip_udp_new
                0x00207f84       0x88 obj_cc2538dk/uip6.o
                0x00207f84                uip_udp_new
 .text.uip_unlisten
                0x0020800c       0x20 obj_cc2538dk/uip6.o
                0x0020800c                uip_unlisten
 .text.uip_process
                0x0020802c      0xd50 obj_cc2538dk/uip6.o
                0x0020802c                uip_process
 .text.uip_send
                0x00208d7c       0x48 obj_cc2538dk/uip6.o
                0x00208d7c                uip_send
 .text.uip_ds6_prefix_add
                0x00208dc4       0x64 obj_cc2538dk/uip-ds6.o
                0x00208dc4                uip_ds6_prefix_add
 .text.uip_ds6_is_addr_onlink
                0x00208e28       0x40 obj_cc2538dk/uip-ds6.o
                0x00208e28                uip_ds6_is_addr_onlink
 .text.uip_ds6_addr_lookup
                0x00208e68       0x2c obj_cc2538dk/uip-ds6.o
                0x00208e68                uip_ds6_addr_lookup
 .text.uip_ds6_get_link_local
                0x00208e94       0x40 obj_cc2538dk/uip-ds6.o
                0x00208e94                uip_ds6_get_link_local
 .text.uip_ds6_get_global
                0x00208ed4       0x40 obj_cc2538dk/uip-ds6.o
                0x00208ed4                uip_ds6_get_global
 .text.uip_ds6_maddr_add
                0x00208f14       0x4c obj_cc2538dk/uip-ds6.o
                0x00208f14                uip_ds6_maddr_add
 .text.uip_ds6_addr_add
                0x00208f60       0x94 obj_cc2538dk/uip-ds6.o
                0x00208f60                uip_ds6_addr_add
 .text.uip_ds6_maddr_lookup
                0x00208ff4       0x2c obj_cc2538dk/uip-ds6.o
                0x00208ff4                uip_ds6_maddr_lookup
 .text.uip_ds6_addr_rm
                0x00209020       0x44 obj_cc2538dk/uip-ds6.o
                0x00209020                uip_ds6_addr_rm
 .text.uip_ds6_periodic
                0x00209064       0x4c obj_cc2538dk/uip-ds6.o
                0x00209064                uip_ds6_periodic
 .text.uip_ds6_select_src
                0x002090b0       0x94 obj_cc2538dk/uip-ds6.o
                0x002090b0                uip_ds6_select_src
 .text.uip_ds6_compute_reachable_time
                0x00209144       0x28 obj_cc2538dk/uip-ds6.o
                0x00209144                uip_ds6_compute_reachable_time
 .text.uip_ds6_init
                0x0020916c       0xe0 obj_cc2538dk/uip-ds6.o
                0x0020916c                uip_ds6_init
 .text.uip_ds6_nbr_rm
                0x0020924c       0x20 obj_cc2538dk/uip-ds6-nbr.o
                0x0020924c                uip_ds6_nbr_rm
 .text.uip_ds6_neighbors_init
                0x0020926c       0x1c obj_cc2538dk/uip-ds6-nbr.o
                0x0020926c                uip_ds6_neighbors_init
 .text.uip_ds6_nbr_add
                0x00209288       0x3c obj_cc2538dk/uip-ds6-nbr.o
                0x00209288                uip_ds6_nbr_add
 .text.uip_ds6_nbr_get_ll
                0x002092c4       0x10 obj_cc2538dk/uip-ds6-nbr.o
                0x002092c4                uip_ds6_nbr_get_ll
 .text.uip_ds6_nbr_lookup
                0x002092d4       0x38 obj_cc2538dk/uip-ds6-nbr.o
                0x002092d4                uip_ds6_nbr_lookup
 .text.uip_ds6_nbr_ll_lookup
                0x0020930c       0x10 obj_cc2538dk/uip-ds6-nbr.o
                0x0020930c                uip_ds6_nbr_ll_lookup
 .text.uip_ds6_link_neighbor_callback
                0x0020931c       0x34 obj_cc2538dk/uip-ds6-nbr.o
                0x0020931c                uip_ds6_link_neighbor_callback
 .text.call_route_callback
                0x00209350       0x48 obj_cc2538dk/uip-ds6-route.o
 .text.uip_ds6_route_init
                0x00209398       0x4c obj_cc2538dk/uip-ds6-route.o
                0x00209398                uip_ds6_route_init
 .text.uip_ds6_route_nexthop
                0x002093e4       0x20 obj_cc2538dk/uip-ds6-route.o
                0x002093e4                uip_ds6_route_nexthop
 .text.uip_ds6_route_head
                0x00209404        0xc obj_cc2538dk/uip-ds6-route.o
                0x00209404                uip_ds6_route_head
 .text.uip_ds6_route_is_nexthop
                0x00209410       0x20 obj_cc2538dk/uip-ds6-route.o
                0x00209410                uip_ds6_route_is_nexthop
 .text.uip_ds6_route_lookup
                0x00209430       0x64 obj_cc2538dk/uip-ds6-route.o
                0x00209430                uip_ds6_route_lookup
 .text.uip_ds6_route_rm
                0x00209494       0x98 obj_cc2538dk/uip-ds6-route.o
                0x00209494                uip_ds6_route_rm
 .text.rm_routelist
                0x0020952c       0x30 obj_cc2538dk/uip-ds6-route.o
 .text.uip_ds6_route_add
                0x0020955c      0x108 obj_cc2538dk/uip-ds6-route.o
                0x0020955c                uip_ds6_route_add
 .text.uip_ds6_defrt_rm
                0x00209664       0x44 obj_cc2538dk/uip-ds6-route.o
                0x00209664                uip_ds6_defrt_rm
 .text.uip_ds6_defrt_lookup
                0x002096a8       0x2c obj_cc2538dk/uip-ds6-route.o
                0x002096a8                uip_ds6_defrt_lookup
 .text.uip_ds6_defrt_add
                0x002096d4       0x64 obj_cc2538dk/uip-ds6-route.o
                0x002096d4                uip_ds6_defrt_add
 .text.uip_ds6_defrt_choose
                0x00209738       0x30 obj_cc2538dk/uip-ds6-route.o
                0x00209738                uip_ds6_defrt_choose
 .text.uip_ds6_defrt_periodic
                0x00209768       0x30 obj_cc2538dk/uip-ds6-route.o
                0x00209768                uip_ds6_defrt_periodic
 .text.echo_reply_input
                0x00209798       0x94 obj_cc2538dk/uip-icmp6.o
 .text.echo_request_input
                0x0020982c       0xc8 obj_cc2538dk/uip-icmp6.o
 .text.uip_icmp6_input
                0x002098f4       0x38 obj_cc2538dk/uip-icmp6.o
                0x002098f4                uip_icmp6_input
 .text.uip_icmp6_register_input_handler
                0x0020992c        0xc obj_cc2538dk/uip-icmp6.o
                0x0020992c                uip_icmp6_register_input_handler
 .text.uip_icmp6_error_output
                0x00209938      0x144 obj_cc2538dk/uip-icmp6.o
                0x00209938                uip_icmp6_error_output
 .text.uip_icmp6_send
                0x00209a7c       0x8c obj_cc2538dk/uip-icmp6.o
                0x00209a7c                uip_icmp6_send
 .text.uip_icmp6_init
                0x00209b08       0x1c obj_cc2538dk/uip-icmp6.o
                0x00209b08                uip_icmp6_init
 .text.ip64_addr_4to6
                0x00209b24       0x30 obj_cc2538dk/ip64-addr.o
                0x00209b24                ip64_addr_4to6
 .text.resolv_found.isra.0
                0x00209b54       0x10 obj_cc2538dk/resolv.o
 .text.process_thread_resolv_process
                0x00209b64      0x3ac obj_cc2538dk/resolv.o
 .text.resolv_query
                0x00209f10       0xc0 obj_cc2538dk/resolv.o
                0x00209f10                resolv_query
 .text.resolv_lookup
                0x00209fd0       0x74 obj_cc2538dk/resolv.o
                0x00209fd0                resolv_lookup
 .text.process_thread_simple_udp_process
                0x0020a044       0xa8 obj_cc2538dk/simple-udp.o
 .text.simple_udp_register
                0x0020a0ec       0x80 obj_cc2538dk/simple-udp.o
                0x0020a0ec                simple_udp_register
 .text.start_periodic_tcp_timer
                0x0020a16c       0x1c obj_cc2538dk/tcpip.o
 .text.tcpip_inputfunc
                0x0020a188       0x24 obj_cc2538dk/tcpip.o
                0x0020a188                tcpip_inputfunc
 .text.tcpip_output
                0x0020a1ac       0x10 obj_cc2538dk/tcpip.o
                0x0020a1ac                tcpip_output
 .text.tcpip_set_outputfunc
                0x0020a1bc        0xc obj_cc2538dk/tcpip.o
                0x0020a1bc                tcpip_set_outputfunc
 .text.tcpip_input
                0x0020a1c8       0x10 obj_cc2538dk/tcpip.o
                0x0020a1c8                tcpip_input
 .text.tcp_attach
                0x0020a1d8       0x10 obj_cc2538dk/tcpip.o
                0x0020a1d8                tcp_attach
 .text.udp_new  0x0020a1e8       0x18 obj_cc2538dk/tcpip.o
                0x0020a1e8                udp_new
 .text.tcpip_icmp6_call
                0x0020a200       0x28 obj_cc2538dk/tcpip.o
                0x0020a200                tcpip_icmp6_call
 .text.tcpip_ipv6_output
                0x0020a228       0xac obj_cc2538dk/tcpip.o
                0x0020a228                tcpip_ipv6_output
 .text.process_thread_tcpip_process
                0x0020a2d4      0x1b8 obj_cc2538dk/tcpip.o
 .text.tcpip_poll_udp
                0x0020a48c       0x10 obj_cc2538dk/tcpip.o
                0x0020a48c                tcpip_poll_udp
 .text.tcpip_poll_tcp
                0x0020a49c       0x10 obj_cc2538dk/tcpip.o
                0x0020a49c                tcpip_poll_tcp
 .text.tcp_connect
                0x0020a4ac       0x20 obj_cc2538dk/tcpip.o
                0x0020a4ac                tcp_connect
 .text.tcpip_uipcall
                0x0020a4cc       0x68 obj_cc2538dk/tcpip.o
                0x0020a4cc                tcpip_uipcall
 .text.newdata  0x0020a534       0x48 obj_cc2538dk/tcp-socket.o
 .text.senddata
                0x0020a57c       0x28 obj_cc2538dk/tcp-socket.o
 .text.process_thread_tcp_socket_process
                0x0020a5a4      0x1c4 obj_cc2538dk/tcp-socket.o
 .text.tcp_socket_register
                0x0020a768       0x6c obj_cc2538dk/tcp-socket.o
                0x0020a768                tcp_socket_register
 .text.tcp_socket_connect
                0x0020a7d4       0x4c obj_cc2538dk/tcp-socket.o
                0x0020a7d4                tcp_socket_connect
 .text.uip_debug_ipaddr_print
                0x0020a820       0xa0 obj_cc2538dk/uip-debug.o
                0x0020a820                uip_debug_ipaddr_print
 .text.uip_nameserver_update
                0x0020a8c0       0x24 obj_cc2538dk/uip-nameserver.o
                0x0020a8c0                uip_nameserver_update
 .text.uip_nameserver_get
                0x0020a8e4       0x10 obj_cc2538dk/uip-nameserver.o
                0x0020a8e4                uip_nameserver_get
 .text.uip_udp_packet_send
                0x0020a8f4       0x34 obj_cc2538dk/uip-udp-packet.o
                0x0020a8f4                uip_udp_packet_send
 .text.rpl_get_mode
                0x0020a928        0xc obj_cc2538dk/rpl.o
                0x0020a928                rpl_get_mode
 .text.rpl_set_mode
                0x0020a934       0x4c obj_cc2538dk/rpl.o
                0x0020a934                rpl_set_mode
 .text.rpl_purge_routes
                0x0020a980       0x68 obj_cc2538dk/rpl.o
                0x0020a980                rpl_purge_routes
 .text.rpl_link_neighbor_callback
                0x0020a9e8       0x54 obj_cc2538dk/rpl.o
                0x0020a9e8                rpl_link_neighbor_callback
 .text.rpl_ipv6_neighbor_callback
                0x0020aa3c       0x28 obj_cc2538dk/rpl.o
                0x0020aa3c                rpl_ipv6_neighbor_callback
 .text.rpl_purge_dags
                0x0020aa64       0x3c obj_cc2538dk/rpl.o
                0x0020aa64                rpl_purge_dags
 .text.rpl_init
                0x0020aaa0       0x4c obj_cc2538dk/rpl.o
                0x0020aaa0                rpl_init
 .text.rpl_set_preferred_parent
                0x0020aaec       0x28 obj_cc2538dk/rpl-dag.o
 .text.set_ip_from_prefix
                0x0020ab14       0x2c obj_cc2538dk/rpl-dag.o
 .text.find_parent_any_dag_any_instance
                0x0020ab40       0x1c obj_cc2538dk/rpl-dag.o
 .text.rpl_dag_init
                0x0020ab5c       0x14 obj_cc2538dk/rpl-dag.o
                0x0020ab5c                rpl_dag_init
 .text.rpl_get_parent
                0x0020ab70       0x10 obj_cc2538dk/rpl-dag.o
                0x0020ab70                rpl_get_parent
 .text.rpl_get_parent_lladdr
                0x0020ab80       0x10 obj_cc2538dk/rpl-dag.o
                0x0020ab80                rpl_get_parent_lladdr
 .text.best_parent
                0x0020ab90       0x7c obj_cc2538dk/rpl-dag.o
 .text.rpl_alloc_instance
                0x0020ac0c       0x34 obj_cc2538dk/rpl-dag.o
                0x0020ac0c                rpl_alloc_instance
 .text.rpl_add_parent
                0x0020ac40       0x30 obj_cc2538dk/rpl-dag.o
                0x0020ac40                rpl_add_parent
 .text.rpl_remove_parent
                0x0020ac70       0x1c obj_cc2538dk/rpl-dag.o
                0x0020ac70                rpl_remove_parent
 .text.remove_parents.constprop.6
                0x0020ac8c       0x2c obj_cc2538dk/rpl-dag.o
 .text.rpl_get_any_dag
                0x0020acb8       0x18 obj_cc2538dk/rpl-dag.o
                0x0020acb8                rpl_get_any_dag
 .text.rpl_get_instance
                0x0020acd0       0x20 obj_cc2538dk/rpl-dag.o
                0x0020acd0                rpl_get_instance
 .text.rpl_find_of
                0x0020acf0       0x14 obj_cc2538dk/rpl-dag.o
                0x0020acf0                rpl_find_of
 .text.rpl_join_instance
                0x0020ad04      0x140 obj_cc2538dk/rpl-dag.o
                0x0020ad04                rpl_join_instance
 .text.rpl_local_repair
                0x0020ae44       0x80 obj_cc2538dk/rpl-dag.o
                0x0020ae44                rpl_local_repair
 .text.rpl_recalculate_ranks
                0x0020aec4       0x3c obj_cc2538dk/rpl-dag.o
                0x0020aec4                rpl_recalculate_ranks
 .text.update_hbh_header
                0x0020af00       0xc4 obj_cc2538dk/rpl-ext-header.o
 .text.insert_hbh_header
                0x0020afc4       0xb0 obj_cc2538dk/rpl-ext-header.o
 .text.rpl_verify_hbh_header
                0x0020b074      0x100 obj_cc2538dk/rpl-ext-header.o
                0x0020b074                rpl_verify_hbh_header
 .text.rpl_remove_header
                0x0020b174       0x7c obj_cc2538dk/rpl-ext-header.o
                0x0020b174                rpl_remove_header
 .text.rpl_update_header
                0x0020b1f0       0x64 obj_cc2538dk/rpl-ext-header.o
                0x0020b1f0                rpl_update_header
 .text.get_global_addr
                0x0020b254       0x88 obj_cc2538dk/rpl-icmp6.o
 .text.dao_ack_input
                0x0020b2dc       0xf0 obj_cc2538dk/rpl-icmp6.o
 .text.dio_input
                0x0020b3cc      0x254 obj_cc2538dk/rpl-icmp6.o
 .text.dao_output_target_seq.part.0
                0x0020b620      0x108 obj_cc2538dk/rpl-icmp6.o
 .text.handle_dao_retransmission
                0x0020b728       0xa8 obj_cc2538dk/rpl-icmp6.o
 .text.dis_output
                0x0020b7d0       0x54 obj_cc2538dk/rpl-icmp6.o
                0x0020b7d0                dis_output
 .text.dio_output
                0x0020b824      0x1ec obj_cc2538dk/rpl-icmp6.o
                0x0020b824                dio_output
 .text.dis_input
                0x0020ba10       0x50 obj_cc2538dk/rpl-icmp6.o
 .text.dao_output_target
                0x0020ba60       0x38 obj_cc2538dk/rpl-icmp6.o
                0x0020ba60                dao_output_target
 .text.dao_output
                0x0020ba98       0x64 obj_cc2538dk/rpl-icmp6.o
                0x0020ba98                dao_output
 .text.dao_ack_output
                0x0020bafc       0x34 obj_cc2538dk/rpl-icmp6.o
                0x0020bafc                dao_ack_output
 .text.dao_input
                0x0020bb30      0x30c obj_cc2538dk/rpl-icmp6.o
 .text.rpl_icmp6_register_handlers
                0x0020be3c       0x30 obj_cc2538dk/rpl-icmp6.o
                0x0020be3c                rpl_icmp6_register_handlers
 .text.update_nbr
                0x0020be6c      0x10c obj_cc2538dk/rpl-nbr-policy.o
 .text.handle_periodic_timer
                0x0020bf78       0x14 obj_cc2538dk/rpl-nbr-policy.o
 .text.find_removable_dis
                0x0020bf8c       0x20 obj_cc2538dk/rpl-nbr-policy.o
                0x0020bf8c                find_removable_dis
 .text.find_removable_dio
                0x0020bfac       0x40 obj_cc2538dk/rpl-nbr-policy.o
                0x0020bfac                find_removable_dio
 .text.find_removable_dao
                0x0020bfec       0x38 obj_cc2538dk/rpl-nbr-policy.o
                0x0020bfec                find_removable_dao
 .text.rpl_nbr_policy_find_removable
                0x0020c024       0x28 obj_cc2538dk/rpl-nbr-policy.o
                0x0020c024                rpl_nbr_policy_find_removable
 .text.new_dio_interval
                0x0020c04c       0x58 obj_cc2538dk/rpl-timers.o
 .text.handle_periodic_timer
                0x0020c0a4       0x4c obj_cc2538dk/rpl-timers.o
 .text.set_dao_lifetime_timer
                0x0020c0f0       0x44 obj_cc2538dk/rpl-timers.o
 .text.handle_dio_timer
                0x0020c134       0x80 obj_cc2538dk/rpl-timers.o
 .text.schedule_dao
                0x0020c1b4       0x54 obj_cc2538dk/rpl-timers.o
 .text.handle_dao_timer
                0x0020c208       0x58 obj_cc2538dk/rpl-timers.o
 .text.rpl_reset_periodic_timer
                0x0020c260       0x34 obj_cc2538dk/rpl-timers.o
                0x0020c260                rpl_reset_periodic_timer
 .text.rpl_schedule_unicast_dio_immediately
                0x0020c294       0x14 obj_cc2538dk/rpl-timers.o
                0x0020c294                rpl_schedule_unicast_dio_immediately
 .text.get_probing_target
                0x0020c2a8       0xd4 obj_cc2538dk/rpl-timers.o
                0x0020c2a8                get_probing_target
 .text.rpl_schedule_probing
                0x0020c37c       0x20 obj_cc2538dk/rpl-timers.o
                0x0020c37c                rpl_schedule_probing
 .text.periodic
                0x0020c39c       0x2c obj_cc2538dk/link-stats.o
 .text.link_stats_from_lladdr
                0x0020c3c8        0xc obj_cc2538dk/link-stats.o
                0x0020c3c8                link_stats_from_lladdr
 .text.link_stats_packet_sent
                0x0020c3d4       0x78 obj_cc2538dk/link-stats.o
                0x0020c3d4                link_stats_packet_sent
 .text.link_stats_input_callback
                0x0020c44c       0x4c obj_cc2538dk/link-stats.o
                0x0020c44c                link_stats_input_callback
 .text.link_stats_init
                0x0020c498       0x28 obj_cc2538dk/link-stats.o
                0x0020c498                link_stats_init
 .text.key_from_index
                0x0020c4c0       0x18 obj_cc2538dk/nbr-table.o
 .text.index_from_key
                0x0020c4d8       0x20 obj_cc2538dk/nbr-table.o
 .text.index_from_lladdr
                0x0020c4f8       0x40 obj_cc2538dk/nbr-table.o
 .text.nbr_get_bit.constprop.0
                0x0020c538       0x30 obj_cc2538dk/nbr-table.o
 .text.remove_key
                0x0020c568       0x58 obj_cc2538dk/nbr-table.o
 .text.nbr_table_register
                0x0020c5c0       0x28 obj_cc2538dk/nbr-table.o
                0x0020c5c0                nbr_table_register
 .text.nbr_table_head
                0x0020c5e8       0x34 obj_cc2538dk/nbr-table.o
                0x0020c5e8                nbr_table_head
 .text.nbr_table_add_lladdr
                0x0020c61c      0x114 obj_cc2538dk/nbr-table.o
                0x0020c61c                nbr_table_add_lladdr
 .text.nbr_table_remove
                0x0020c730       0x2c obj_cc2538dk/nbr-table.o
                0x0020c730                nbr_table_remove
 .text.nbr_table_lock
                0x0020c75c       0x14 obj_cc2538dk/nbr-table.o
                0x0020c75c                nbr_table_lock
 .text.nbr_table_unlock
                0x0020c770       0x14 obj_cc2538dk/nbr-table.o
                0x0020c770                nbr_table_unlock
 .text.netstack_init
                0x0020c784       0x38 obj_cc2538dk/netstack.o
                0x0020c784                netstack_init
 .text.packetbuf_hdrreduce
                0x0020c7bc       0x2c obj_cc2538dk/packetbuf.o
                0x0020c7bc                packetbuf_hdrreduce
 .text.packetbuf_set_datalen
                0x0020c7e8        0xc obj_cc2538dk/packetbuf.o
                0x0020c7e8                packetbuf_set_datalen
 .text.packetbuf_hdrptr
                0x0020c7f4        0x8 obj_cc2538dk/packetbuf.o
                0x0020c7f4                packetbuf_hdrptr
 .text.packetbuf_datalen
                0x0020c7fc        0xc obj_cc2538dk/packetbuf.o
                0x0020c7fc                packetbuf_datalen
 .text.packetbuf_hdrlen
                0x0020c808       0x18 obj_cc2538dk/packetbuf.o
                0x0020c808                packetbuf_hdrlen
 .text.packetbuf_dataptr
                0x0020c820       0x10 obj_cc2538dk/packetbuf.o
                0x0020c820                packetbuf_dataptr
 .text.packetbuf_copyto
                0x0020c830       0x40 obj_cc2538dk/packetbuf.o
                0x0020c830                packetbuf_copyto
 .text.packetbuf_totlen
                0x0020c870       0x14 obj_cc2538dk/packetbuf.o
                0x0020c870                packetbuf_totlen
 .text.packetbuf_hdralloc
                0x0020c884       0x3c obj_cc2538dk/packetbuf.o
                0x0020c884                packetbuf_hdralloc
 .text.packetbuf_attr_clear
                0x0020c8c0       0x34 obj_cc2538dk/packetbuf.o
                0x0020c8c0                packetbuf_attr_clear
 .text.packetbuf_clear
                0x0020c8f4       0x20 obj_cc2538dk/packetbuf.o
                0x0020c8f4                packetbuf_clear
 .text.packetbuf_copyfrom
                0x0020c914       0x2c obj_cc2538dk/packetbuf.o
                0x0020c914                packetbuf_copyfrom
 .text.packetbuf_attr_copyto
                0x0020c940       0x30 obj_cc2538dk/packetbuf.o
                0x0020c940                packetbuf_attr_copyto
 .text.packetbuf_attr_copyfrom
                0x0020c970       0x30 obj_cc2538dk/packetbuf.o
                0x0020c970                packetbuf_attr_copyfrom
 .text.packetbuf_set_attr
                0x0020c9a0       0x10 obj_cc2538dk/packetbuf.o
                0x0020c9a0                packetbuf_set_attr
 .text.packetbuf_attr
                0x0020c9b0        0xc obj_cc2538dk/packetbuf.o
                0x0020c9b0                packetbuf_attr
 .text.packetbuf_set_addr
                0x0020c9bc       0x18 obj_cc2538dk/packetbuf.o
                0x0020c9bc                packetbuf_set_addr
 .text.packetbuf_addr
                0x0020c9d4       0x10 obj_cc2538dk/packetbuf.o
                0x0020c9d4                packetbuf_addr
 .text.packetbuf_holds_broadcast
                0x0020c9e4       0x10 obj_cc2538dk/packetbuf.o
                0x0020c9e4                packetbuf_holds_broadcast
 .text.queuebuf_init
                0x0020c9f4       0x1c obj_cc2538dk/queuebuf.o
                0x0020c9f4                queuebuf_init
 .text.queuebuf_numfree
                0x0020ca10        0xc obj_cc2538dk/queuebuf.o
                0x0020ca10                queuebuf_numfree
 .text.queuebuf_new_from_packetbuf
                0x0020ca1c       0x44 obj_cc2538dk/queuebuf.o
                0x0020ca1c                queuebuf_new_from_packetbuf
 .text.queuebuf_free
                0x0020ca60       0x2c obj_cc2538dk/queuebuf.o
                0x0020ca60                queuebuf_free
 .text.queuebuf_to_packetbuf
                0x0020ca8c       0x30 obj_cc2538dk/queuebuf.o
                0x0020ca8c                queuebuf_to_packetbuf
 .text.input_packet
                0x0020cabc       0x18 obj_cc2538dk/csma.o
 .text.on       0x0020cad4        0xc obj_cc2538dk/csma.o
 .text.off      0x0020cae0        0xc obj_cc2538dk/csma.o
 .text.channel_check_interval
                0x0020caec       0x10 obj_cc2538dk/csma.o
 .text.transmit_packet_list
                0x0020cafc       0x30 obj_cc2538dk/csma.o
 .text.schedule_transmission
                0x0020cb2c       0x4c obj_cc2538dk/csma.o
 .text.send_packet
                0x0020cb78      0x11c obj_cc2538dk/csma.o
 .text.init     0x0020cc94       0x2c obj_cc2538dk/csma.o
 .text.tx_done  0x0020ccc0       0x88 obj_cc2538dk/csma.o
 .text.packet_sent
                0x0020cd48      0x10c obj_cc2538dk/csma.o
 .text.frame802154_get_pan_id
                0x0020ce54        0xc obj_cc2538dk/frame802154.o
                0x0020ce54                frame802154_get_pan_id
 .text.frame802154_parse
                0x0020ce60      0x174 obj_cc2538dk/frame802154.o
                0x0020ce60                frame802154_parse
 .text.framer_802154_set_seqno
                0x0020cfd4       0x40 obj_cc2538dk/framer-802154.o
                0x0020cfd4                framer_802154_set_seqno
 .text.mac_sequence_is_duplicate
                0x0020d014       0x4c obj_cc2538dk/mac-sequence.o
                0x0020d014                mac_sequence_is_duplicate
 .text.mac_sequence_register_seqno
                0x0020d060       0x64 obj_cc2538dk/mac-sequence.o
                0x0020d060                mac_sequence_register_seqno
 .text.on       0x0020d0c4        0xc obj_cc2538dk/nullrdc.o
 .text.send_one_packet
                0x0020d0d0      0x118 obj_cc2538dk/nullrdc.o
 .text.off      0x0020d1e8       0x18 obj_cc2538dk/nullrdc.o
 .text.packet_input
                0x0020d200       0x54 obj_cc2538dk/nullrdc.o
 .text.input    0x0020d254        0xc obj_cc2538dk/nullsec.o
 .text.send     0x0020d260       0x24 obj_cc2538dk/nullsec.o
 .text.add_ipaddr
                0x0020d284       0x74 obj_cc2538dk/udp-client.o
                0x0020d284                add_ipaddr
 .text.process_thread_udp_client_process
                0x0020d2f8      0x1d4 obj_cc2538dk/udp-client.o
 .text.resource_radio_lqi_periodic_handler
                0x0020d4cc       0x10 obj_cc2538dk/contiki-resources.o
                0x0020d4cc                resource_radio_lqi_periodic_handler
 .text.resource_radio_rssi_periodic_handler
                0x0020d4dc       0x10 obj_cc2538dk/contiki-resources.o
                0x0020d4dc                resource_radio_rssi_periodic_handler
 .text.resource_ambient_temperature_sensor_periodic_handler
                0x0020d4ec       0x10 obj_cc2538dk/contiki-resources.o
                0x0020d4ec                resource_ambient_temperature_sensor_periodic_handler
 .text.resource_humidity_sensor_periodic_handler
                0x0020d4fc       0x10 obj_cc2538dk/contiki-resources.o
                0x0020d4fc                resource_humidity_sensor_periodic_handler
 .text.resource_cc2538_temp_sensor_get_handler
                0x0020d50c       0x3c obj_cc2538dk/contiki-resources.o
                0x0020d50c                resource_cc2538_temp_sensor_get_handler
 .text.resource_vdd3_sensor_get_handler
                0x0020d548       0x3c obj_cc2538dk/contiki-resources.o
                0x0020d548                resource_vdd3_sensor_get_handler
 .text.resource_radio_lqi_get_handler
                0x0020d584       0x3c obj_cc2538dk/contiki-resources.o
                0x0020d584                resource_radio_lqi_get_handler
 .text.resource_radio_rssi_get_handler
                0x0020d5c0       0x30 obj_cc2538dk/contiki-resources.o
                0x0020d5c0                resource_radio_rssi_get_handler
 .text.resource_ambient_temperature_sensor_get_handler
                0x0020d5f0       0x3c obj_cc2538dk/contiki-resources.o
                0x0020d5f0                resource_ambient_temperature_sensor_get_handler
 .text.resource_humidity_sensor_get_handler
                0x0020d62c       0x3c obj_cc2538dk/contiki-resources.o
                0x0020d62c                resource_humidity_sensor_get_handler
 .text.contiki_platform_resources_init
                0x0020d668       0xb0 obj_cc2538dk/contiki-resources.o
                0x0020d668                contiki_platform_resources_init
 .text.start_apps
                0x0020d718       0x68 obj_cc2538dk/6lbr-demo-main.o
                0x0020d718                start_apps
 .text.process_thread_demo_6lbr_process
                0x0020d780       0x28 obj_cc2538dk/6lbr-demo-main.o
 .text.eeprom_reset_condition
                0x0020d7a8      0x16c obj_cc2538dk/smart_street_light.o
                0x0020d7a8                eeprom_reset_condition
 .text.initial_eeprom_condition
                0x0020d914       0xb0 obj_cc2538dk/smart_street_light.o
                0x0020d914                initial_eeprom_condition
 .text.convertAdcToLux
                0x0020d9c4       0x28 obj_cc2538dk/smart_street_light.o
                0x0020d9c4                convertAdcToLux
 .text.read_ambient_light
                0x0020d9ec       0x34 obj_cc2538dk/smart_street_light.o
                0x0020d9ec                read_ambient_light
 .text.wrapper_pwm_enable
                0x0020da20       0x24 obj_cc2538dk/smart_street_light.o
                0x0020da20                wrapper_pwm_enable
 .text.beacon_pwm_enable
                0x0020da44       0x24 obj_cc2538dk/smart_street_light.o
                0x0020da44                beacon_pwm_enable
 .text.wrapper_pwm_disable
                0x0020da68       0x28 obj_cc2538dk/smart_street_light.o
                0x0020da68                wrapper_pwm_disable
 .text.wrapper_pwm_start
                0x0020da90       0x28 obj_cc2538dk/smart_street_light.o
                0x0020da90                wrapper_pwm_start
 .text.beacon_pwm_start
                0x0020dab8       0x28 obj_cc2538dk/smart_street_light.o
                0x0020dab8                beacon_pwm_start
 .text.wrapper_pwm_stop
                0x0020dae0       0x2c obj_cc2538dk/smart_street_light.o
                0x0020dae0                wrapper_pwm_stop
 .text.beacon_light_on
                0x0020db0c       0x58 obj_cc2538dk/smart_street_light.o
                0x0020db0c                beacon_light_on
 .text.decr_brightness
                0x0020db64       0x68 obj_cc2538dk/smart_street_light.o
                0x0020db64                decr_brightness
 .text.incr_brightness
                0x0020dbcc       0x68 obj_cc2538dk/smart_street_light.o
                0x0020dbcc                incr_brightness
 .text.adjust_brightness
                0x0020dc34       0x38 obj_cc2538dk/smart_street_light.o
                0x0020dc34                adjust_brightness
 .text.light_power_off
                0x0020dc6c       0x64 obj_cc2538dk/smart_street_light.o
                0x0020dc6c                light_power_off
 .text.process_thread_smart_street_light
                0x0020dcd0      0x4a8 obj_cc2538dk/smart_street_light.o
 .text.process_thread_broadcast_process
                0x0020e178       0x80 obj_cc2538dk/broadcast.o
 .text.receiver
                0x0020e1f8       0xa0 obj_cc2538dk/broadcast.o
 .text.process_thread_unicast_sender_process
                0x0020e298       0x78 obj_cc2538dk/unicast-sender.o
 .text.receiver
                0x0020e310       0x38 obj_cc2538dk/unicast-sender.o
 .text.process_thread_ac_dimmer_process
                0x0020e348       0xa0 obj_cc2538dk/dimmer.o
 .text.process_thread_temp_humidity_measurement_process
                0x0020e3e8       0xe0 obj_cc2538dk/hdc1080_temp_humidity.o
 .text.process_thread_http_get_process
                0x0020e4c8       0xdc obj_cc2538dk/http-get.o
 .text.restart  0x0020e5a4       0x48 obj_cc2538dk/http-get.o
 .text.reconnect
                0x0020e5ec       0x30 obj_cc2538dk/http-get.o
 .text.callback
                0x0020e61c       0xb8 obj_cc2538dk/http-get.o
 .text          0x0020e6d4      0x370 /usr/bin/../lib/gcc/arm-none-eabi/4.9.3/armv7-m/libgcc.a(_arm_addsubdf3.o)
                0x0020e6d4                __aeabi_drsub
                0x0020e6dc                __aeabi_dsub
                0x0020e6dc                __subdf3
                0x0020e6e0                __adddf3
                0x0020e6e0                __aeabi_dadd
                0x0020e958                __aeabi_ui2d
                0x0020e958                __floatunsidf
                0x0020e978                __floatsidf
                0x0020e978                __aeabi_i2d
                0x0020e99c                __extendsfdf2
                0x0020e99c                __aeabi_f2d
                0x0020e9d8                __aeabi_ul2d
                0x0020e9d8                __floatundidf
                0x0020e9e8                __floatdidf
                0x0020e9e8                __aeabi_l2d
 .text          0x0020ea44      0x424 /usr/bin/../lib/gcc/arm-none-eabi/4.9.3/armv7-m/libgcc.a(_arm_muldivdf3.o)
                0x0020ea44                __aeabi_dmul
                0x0020ea44                __muldf3
                0x0020ec98                __aeabi_ddiv
                0x0020ec98                __divdf3
 .text          0x0020ee68      0x110 /usr/bin/../lib/gcc/arm-none-eabi/4.9.3/armv7-m/libgcc.a(_arm_cmpdf2.o)
                0x0020ee68                __gtdf2
                0x0020ee68                __gedf2
                0x0020ee70                __ltdf2
                0x0020ee70                __ledf2
                0x0020ee78                __cmpdf2
                0x0020ee78                __eqdf2
                0x0020ee78                __nedf2
                0x0020eef4                __aeabi_cdrcmple
                0x0020ef04                __aeabi_cdcmple
                0x0020ef04                __aeabi_cdcmpeq
                0x0020ef14                __aeabi_dcmpeq
                0x0020ef28                __aeabi_dcmplt
                0x0020ef3c                __aeabi_dcmple
                0x0020ef50                __aeabi_dcmpge
                0x0020ef64                __aeabi_dcmpgt
 .text          0x0020ef78       0x40 /usr/bin/../lib/gcc/arm-none-eabi/4.9.3/armv7-m/libgcc.a(_arm_fixunsdfsi.o)
                0x0020ef78                __fixunsdfsi
                0x0020ef78                __aeabi_d2uiz
 .text          0x0020efb8      0x21c /usr/bin/../lib/gcc/arm-none-eabi/4.9.3/armv7-m/libgcc.a(_arm_addsubsf3.o)
                0x0020efb8                __aeabi_frsub
                0x0020efc0                __subsf3
                0x0020efc0                __aeabi_fsub
                0x0020efc4                __aeabi_fadd
                0x0020efc4                __addsf3
                0x0020f124                __aeabi_ui2f
                0x0020f124                __floatunsisf
                0x0020f12c                __aeabi_i2f
                0x0020f12c                __floatsisf
                0x0020f148                __floatundisf
                0x0020f148                __aeabi_ul2f
                0x0020f158                __floatdisf
                0x0020f158                __aeabi_l2f
 .text          0x0020f1d4       0x30 /usr/bin/../lib/gcc/arm-none-eabi/4.9.3/armv7-m/libgcc.a(_aeabi_uldivmod.o)
                0x0020f1d4                __aeabi_uldivmod
 .text          0x0020f204       0x60 /usr/bin/../lib/gcc/arm-none-eabi/4.9.3/armv7-m/libgcc.a(bpabi.o)
                0x0020f204                __gnu_ldivmod_helper
                0x0020f234                __gnu_uldivmod_helper
 .text          0x0020f264        0x4 /usr/bin/../lib/gcc/arm-none-eabi/4.9.3/armv7-m/libgcc.a(_dvmd_tls.o)
                0x0020f264                __aeabi_ldiv0
                0x0020f264                __aeabi_idiv0
 .text          0x0020f268      0x2ac /usr/bin/../lib/gcc/arm-none-eabi/4.9.3/armv7-m/libgcc.a(_divdi3.o)
                0x0020f268                __divdi3
 .text          0x0020f514      0x270 /usr/bin/../lib/gcc/arm-none-eabi/4.9.3/armv7-m/libgcc.a(_udivdi3.o)
                0x0020f514                __udivdi3
 .text.atoi     0x0020f784        0x8 /usr/bin/../lib/gcc/arm-none-eabi/4.9.3/../../../../arm-none-eabi/lib/armv7-m/libc.a(lib_a-atoi.o)
                0x0020f784                atoi
 .text.memchr   0x0020f78c       0x94 /usr/bin/../lib/gcc/arm-none-eabi/4.9.3/../../../../arm-none-eabi/lib/armv7-m/libc.a(lib_a-memchr.o)
                0x0020f78c                memchr
 .text.memcmp   0x0020f820       0x64 /usr/bin/../lib/gcc/arm-none-eabi/4.9.3/../../../../arm-none-eabi/lib/armv7-m/libc.a(lib_a-memcmp.o)
                0x0020f820                memcmp
 .text          0x0020f884       0xec /usr/bin/../lib/gcc/arm-none-eabi/4.9.3/../../../../arm-none-eabi/lib/armv7-m/libc.a(lib_a-memcpy.o)
                0x0020f884                memcpy
 .text.memmove  0x0020f970       0xc8 /usr/bin/../lib/gcc/arm-none-eabi/4.9.3/../../../../arm-none-eabi/lib/armv7-m/libc.a(lib_a-memmove.o)
                0x0020f970                memmove
 .text.memset   0x0020fa38       0x9c /usr/bin/../lib/gcc/arm-none-eabi/4.9.3/../../../../arm-none-eabi/lib/armv7-m/libc.a(lib_a-memset.o)
                0x0020fa38                memset
 .text.strcasecmp
                0x0020fad4       0x40 /usr/bin/../lib/gcc/arm-none-eabi/4.9.3/../../../../arm-none-eabi/lib/armv7-m/libc.a(lib_a-strcasecmp.o)
                0x0020fad4                strcasecmp
 .text.strcat   0x0020fb14       0x40 /usr/bin/../lib/gcc/arm-none-eabi/4.9.3/../../../../arm-none-eabi/lib/armv7-m/libc.a(lib_a-strcat.o)
                0x0020fb14                strcat
 .text.strchr   0x0020fb54       0xcc /usr/bin/../lib/gcc/arm-none-eabi/4.9.3/../../../../arm-none-eabi/lib/armv7-m/libc.a(lib_a-strchr.o)
                0x0020fb54                strchr
 .text          0x0020fc20      0x1bc /usr/bin/../lib/gcc/arm-none-eabi/4.9.3/../../../../arm-none-eabi/lib/armv7-m/libc.a(lib_a-strcmp.o)
                0x0020fc20                strcmp
 .text.strcpy   0x0020fddc       0xbc /usr/bin/../lib/gcc/arm-none-eabi/4.9.3/../../../../arm-none-eabi/lib/armv7-m/libc.a(lib_a-strcpy.o)
                0x0020fddc                strcpy
 .text.strlen   0x0020fe98       0x5c /usr/bin/../lib/gcc/arm-none-eabi/4.9.3/../../../../arm-none-eabi/lib/armv7-m/libc.a(lib_a-strlen.o)
                0x0020fe98                strlen
 .text.strncmp  0x0020fef4       0x94 /usr/bin/../lib/gcc/arm-none-eabi/4.9.3/../../../../arm-none-eabi/lib/armv7-m/libc.a(lib_a-strncmp.o)
                0x0020fef4                strncmp
 .text.strncpy  0x0020ff88       0x68 /usr/bin/../lib/gcc/arm-none-eabi/4.9.3/../../../../arm-none-eabi/lib/armv7-m/libc.a(lib_a-strncpy.o)
                0x0020ff88                strncpy
 .text._strtol_r
                0x0020fff0      0x11c /usr/bin/../lib/gcc/arm-none-eabi/4.9.3/../../../../arm-none-eabi/lib/armv7-m/libc.a(lib_a-strtol.o)
                0x0020fff0                _strtol_r
 .text.strtol   0x0021010c       0x18 /usr/bin/../lib/gcc/arm-none-eabi/4.9.3/../../../../arm-none-eabi/lib/armv7-m/libc.a(lib_a-strtol.o)
                0x0021010c                strtol
 .text.default_handler
                0x00210124        0x2 obj_cc2538dk/startup-gcc.o
                0x00210124                default_handler
 .text.nmi_handler
                0x00210126        0x6 obj_cc2538dk/startup-gcc.o
                0x00210126                nmi_handler
 .text.coap_parse_int_option
                0x0021012c       0x16 obj_cc2538dk/er-coap.o
 .text.coap_merge_multi_option
                0x00210142       0x32 obj_cc2538dk/er-coap.o
 .text.coap_get_variable
                0x00210174       0x6a obj_cc2538dk/er-coap.o
 .text.coap_set_option_header
                0x002101de       0x76 obj_cc2538dk/er-coap.o
 .text.coap_serialize_int_option
                0x00210254       0x60 obj_cc2538dk/er-coap.o
 .text.coap_serialize_array_option.part.0
                0x002102b4       0x20 obj_cc2538dk/er-coap.o
 .text.coap_serialize_array_option
                0x002102d4       0x76 obj_cc2538dk/er-coap.o
 .text.coap_init_message
                0x0021034a       0x1a obj_cc2538dk/er-coap.o
                0x0021034a                coap_init_message
 .text.coap_get_query_variable
                0x00210364       0x26 obj_cc2538dk/er-coap.o
                0x00210364                coap_get_query_variable
 .text.coap_get_post_variable
                0x0021038a       0x1e obj_cc2538dk/er-coap.o
                0x0021038a                coap_get_post_variable
 .text.coap_set_status_code
                0x002103a8        0xc obj_cc2538dk/er-coap.o
                0x002103a8                coap_set_status_code
 .text.coap_set_token
                0x002103b4       0x16 obj_cc2538dk/er-coap.o
                0x002103b4                coap_set_token
 .text.coap_get_header_content_format
                0x002103ca       0x18 obj_cc2538dk/er-coap.o
                0x002103ca                coap_get_header_content_format
 .text.coap_set_header_content_format
                0x002103e2        0xe obj_cc2538dk/er-coap.o
                0x002103e2                coap_set_header_content_format
 .text.coap_get_header_accept
                0x002103f0       0x1a obj_cc2538dk/er-coap.o
                0x002103f0                coap_get_header_accept
 .text.coap_get_header_max_age
                0x0021040a       0x10 obj_cc2538dk/er-coap.o
                0x0021040a                coap_get_header_max_age
 .text.coap_set_header_max_age
                0x0021041a        0xe obj_cc2538dk/er-coap.o
                0x0021041a                coap_set_header_max_age
 .text.coap_set_header_etag
                0x00210428       0x22 obj_cc2538dk/er-coap.o
                0x00210428                coap_set_header_etag
 .text.coap_get_header_if_match
                0x0021044a       0x1c obj_cc2538dk/er-coap.o
                0x0021044a                coap_get_header_if_match
 .text.coap_get_header_if_none_match
                0x00210466        0x8 obj_cc2538dk/er-coap.o
                0x00210466                coap_get_header_if_none_match
 .text.coap_get_header_uri_host
                0x0021046e       0x18 obj_cc2538dk/er-coap.o
                0x0021046e                coap_get_header_uri_host
 .text.coap_get_header_uri_path
                0x00210486       0x18 obj_cc2538dk/er-coap.o
                0x00210486                coap_get_header_uri_path
 .text.coap_set_header_uri_path
                0x0021049e       0x20 obj_cc2538dk/er-coap.o
                0x0021049e                coap_set_header_uri_path
 .text.coap_get_header_uri_query
                0x002104be       0x16 obj_cc2538dk/er-coap.o
                0x002104be                coap_get_header_uri_query
 .text.coap_set_header_uri_query
                0x002104d4       0x24 obj_cc2538dk/er-coap.o
                0x002104d4                coap_set_header_uri_query
 .text.coap_get_header_location_path
                0x002104f8       0x12 obj_cc2538dk/er-coap.o
                0x002104f8                coap_get_header_location_path
 .text.coap_set_header_location_query
                0x0021050a       0x20 obj_cc2538dk/er-coap.o
                0x0021050a                coap_set_header_location_query
 .text.coap_set_header_location_path
                0x0021052a       0x40 obj_cc2538dk/er-coap.o
                0x0021052a                coap_set_header_location_path
 .text.coap_set_header_observe
                0x0021056a        0xe obj_cc2538dk/er-coap.o
                0x0021056a                coap_set_header_observe
 .text.coap_get_header_block2
                0x00210578       0x32 obj_cc2538dk/er-coap.o
                0x00210578                coap_get_header_block2
 .text.coap_set_header_block2
                0x002105aa       0x32 obj_cc2538dk/er-coap.o
                0x002105aa                coap_set_header_block2
 .text.coap_get_header_block1
                0x002105dc       0x3a obj_cc2538dk/er-coap.o
                0x002105dc                coap_get_header_block1
 .text.coap_set_header_block1
                0x00210616       0x2e obj_cc2538dk/er-coap.o
                0x00210616                coap_set_header_block1
 .text.coap_get_header_size2
                0x00210644       0x1a obj_cc2538dk/er-coap.o
                0x00210644                coap_get_header_size2
 .text.coap_set_header_size2
                0x0021065e       0x10 obj_cc2538dk/er-coap.o
                0x0021065e                coap_set_header_size2
 .text.coap_get_payload
                0x0021066e       0x12 obj_cc2538dk/er-coap.o
                0x0021066e                coap_get_payload
 .text.coap_set_payload
                0x00210680       0x12 obj_cc2538dk/er-coap.o
                0x00210680                coap_set_payload
 .text.coap_get_rest_method
                0x00210692        0xc obj_cc2538dk/er-coap-engine.o
                0x00210692                coap_get_rest_method
 .text.coap_blocking_request_callback
                0x0021069e        0x8 obj_cc2538dk/er-coap-engine.o
                0x0021069e                coap_blocking_request_callback
 .text.coap_set_transaction_context
                0x002106a6        0x4 obj_cc2538dk/er-coap-transactions.o
                0x002106a6                coap_set_transaction_context
 .text.coap_notify_observers
                0x002106aa        0x6 obj_cc2538dk/er-coap-observe.o
                0x002106aa                coap_notify_observers
 .text.coap_init_communication_layer
                0x002106b0       0x12 obj_cc2538dk/er-coap-udp.o
                0x002106b0                coap_init_communication_layer
 .text.coap_send_message
                0x002106c2       0x3a obj_cc2538dk/er-coap-udp.o
                0x002106c2                coap_send_message
 .text.coap_handle_receive
                0x002106fc        0x4 obj_cc2538dk/er-coap-udp.o
                0x002106fc                coap_handle_receive
 .text.coap_strtoul
                0x00210700       0x2a obj_cc2538dk/coap-common.o
                0x00210700                coap_strtoul
 .text.coap_strtofix
                0x0021072a       0x46 obj_cc2538dk/coap-common.o
                0x0021072a                coap_strtofix
 .text.coap_binding_trigger_cond
                0x00210770       0x6e obj_cc2538dk/coap-binding.o
                0x00210770                coap_binding_trigger_cond
 .text.start_batch
                0x002107de        0x4 obj_cc2538dk/rest-type-text.o
 .text.batch_separator
                0x002107e2        0xc obj_cc2538dk/rest-type-text.o
 .text.end_batch
                0x002107ee        0x4 obj_cc2538dk/rest-type-text.o
 .text.parse_value
                0x002107f2       0x3a obj_cc2538dk/rest-type-text.o
 .text.status   0x0021082c        0x4 obj_cc2538dk/als-sensor.o
 .text.value    0x00210830       0x18 obj_cc2538dk/als-sensor.o
 .text.status   0x00210848        0x4 obj_cc2538dk/current-sensor.o
 .text.value    0x0021084c       0x18 obj_cc2538dk/current-sensor.o
 .text.clock_isr
                0x00210864        0x4 obj_cc2538dk/clock.o
                0x00210864                clock_isr
 .text.rtimer_arch_init
                0x00210868        0x2 obj_cc2538dk/rtimer-arch.o
                0x00210868                rtimer_arch_init
 .text.uart0_isr
                0x0021086a        0x6 obj_cc2538dk/uart.o
                0x0021086a                uart0_isr
 .text.uart1_isr
                0x00210870        0x6 obj_cc2538dk/uart.o
                0x00210870                uart1_isr
 .text.gpio_port_a_isr
                0x00210876        0x6 obj_cc2538dk/gpio.o
                0x00210876                gpio_port_a_isr
 .text.gpio_port_b_isr
                0x0021087c        0x6 obj_cc2538dk/gpio.o
                0x0021087c                gpio_port_b_isr
 .text.gpio_port_c_isr
                0x00210882        0x6 obj_cc2538dk/gpio.o
                0x00210882                gpio_port_c_isr
 .text.gpio_port_d_isr
                0x00210888        0x6 obj_cc2538dk/gpio.o
                0x00210888                gpio_port_d_isr
 .text.send     0x0021088e       0x12 obj_cc2538dk/cc2538-rf.o
 .text.putchar  0x002108a0       0x10 obj_cc2538dk/dbg.o
                0x002108a0                putchar
 .text.dbg_send_bytes
                0x002108b0       0x20 obj_cc2538dk/dbg.o
                0x002108b0                dbg_send_bytes
 .text.puts     0x002108d0       0x20 obj_cc2538dk/dbg.o
                0x002108d0                puts
 .text.configure
                0x002108f0        0x4 obj_cc2538dk/cc2538-temp-sensor.o
 .text.status   0x002108f4        0x4 obj_cc2538dk/cc2538-temp-sensor.o
 .text.value    0x002108f8       0x34 obj_cc2538dk/cc2538-temp-sensor.o
 .text.configure
                0x0021092c        0x4 obj_cc2538dk/vdd3-sensor.o
 .text.status   0x00210930        0x4 obj_cc2538dk/vdd3-sensor.o
 .text.value    0x00210934       0x2a obj_cc2538dk/vdd3-sensor.o
 .text.write_str
                0x0021095e       0x10 obj_cc2538dk/dbg-printf.o
 .text.buffer_str
                0x0021096e       0x28 obj_cc2538dk/dbg-snprintf.o
 .text.snprintf
                0x00210996       0x1a obj_cc2538dk/dbg-snprintf.o
                0x00210996                snprintf
 .text.buffer_str
                0x002109b0       0x16 obj_cc2538dk/dbg-sprintf.o
 .text.call_callback
                0x002109c6       0x18 obj_cc2538dk/http-socket.o
 .text.autostart_start
                0x002109de       0x14 obj_cc2538dk/autostart.o
                0x002109de                autostart_start
 .text.energest_init
                0x002109f2        0x2 obj_cc2538dk/energest.o
                0x002109f2                energest_init
 .text.etimer_set
                0x002109f4       0x12 obj_cc2538dk/etimer.o
                0x002109f4                etimer_set
 .text.etimer_reset
                0x00210a06       0x12 obj_cc2538dk/etimer.o
                0x00210a06                etimer_reset
 .text.etimer_restart
                0x00210a18       0x12 obj_cc2538dk/etimer.o
                0x00210a18                etimer_restart
 .text.etimer_expired
                0x00210a2a        0xa obj_cc2538dk/etimer.o
                0x00210a2a                etimer_expired
 .text.etimer_expiration_time
                0x00210a34        0x6 obj_cc2538dk/etimer.o
                0x00210a34                etimer_expiration_time
 .text.call_process
                0x00210a3a        0xc obj_cc2538dk/process.o
 .text.process_is_running
                0x00210a46        0xa obj_cc2538dk/process.o
                0x00210a46                process_is_running
 .text.rtimer_init
                0x00210a50        0x4 obj_cc2538dk/rtimer.o
                0x00210a50                rtimer_init
 .text.stimer_set
                0x00210a54        0xe obj_cc2538dk/stimer.o
                0x00210a54                stimer_set
 .text.timer_set
                0x00210a62        0xe obj_cc2538dk/timer.o
                0x00210a62                timer_set
 .text.timer_reset
                0x00210a70        0xa obj_cc2538dk/timer.o
                0x00210a70                timer_reset
 .text.timer_restart
                0x00210a7a        0xc obj_cc2538dk/timer.o
                0x00210a7a                timer_restart
 .text.timer_expired
                0x00210a86       0x1c obj_cc2538dk/timer.o
                0x00210a86                timer_expired
 .text.list_init
                0x00210aa2        0x6 obj_cc2538dk/list.o
                0x00210aa2                list_init
 .text.list_head
                0x00210aa8        0x4 obj_cc2538dk/list.o
                0x00210aa8                list_head
 .text.list_tail
                0x00210aac       0x10 obj_cc2538dk/list.o
                0x00210aac                list_tail
 .text.list_remove